Archive member included to satisfy reference by file (symbol)

c:/program files (x86)/gnu tools arm embedded/6 2017-q2-update/bin/../lib/gcc/arm-none-eabi/6.3.1/thumb/v7e-m\libgcc.a(unwind-arm.o)
                              ./system/src/newlib/_cxx.o (__aeabi_unwind_cpp_pr1)
c:/program files (x86)/gnu tools arm embedded/6 2017-q2-update/bin/../lib/gcc/arm-none-eabi/6.3.1/thumb/v7e-m\libgcc.a(libunwind.o)
                              c:/program files (x86)/gnu tools arm embedded/6 2017-q2-update/bin/../lib/gcc/arm-none-eabi/6.3.1/thumb/v7e-m\libgcc.a(unwind-arm.o) (restore_core_regs)
c:/program files (x86)/gnu tools arm embedded/6 2017-q2-update/bin/../lib/gcc/arm-none-eabi/6.3.1/thumb/v7e-m\libgcc.a(pr-support.o)
                              c:/program files (x86)/gnu tools arm embedded/6 2017-q2-update/bin/../lib/gcc/arm-none-eabi/6.3.1/thumb/v7e-m\libgcc.a(unwind-arm.o) (__gnu_unwind_execute)
c:/program files (x86)/gnu tools arm embedded/6 2017-q2-update/bin/../lib/gcc/arm-none-eabi/6.3.1/../../../../arm-none-eabi/lib/thumb/v7e-m\libg_nano.a(lib_a-errno.o)
                              ./system/src/newlib/_sbrk.o (__errno)
c:/program files (x86)/gnu tools arm embedded/6 2017-q2-update/bin/../lib/gcc/arm-none-eabi/6.3.1/../../../../arm-none-eabi/lib/thumb/v7e-m\libg_nano.a(lib_a-fclose.o)
                              ./src/main.o (fclose)
c:/program files (x86)/gnu tools arm embedded/6 2017-q2-update/bin/../lib/gcc/arm-none-eabi/6.3.1/../../../../arm-none-eabi/lib/thumb/v7e-m\libg_nano.a(lib_a-fflush.o)
                              c:/program files (x86)/gnu tools arm embedded/6 2017-q2-update/bin/../lib/gcc/arm-none-eabi/6.3.1/../../../../arm-none-eabi/lib/thumb/v7e-m\libg_nano.a(lib_a-fclose.o) (__sflush_r)
c:/program files (x86)/gnu tools arm embedded/6 2017-q2-update/bin/../lib/gcc/arm-none-eabi/6.3.1/../../../../arm-none-eabi/lib/thumb/v7e-m\libg_nano.a(lib_a-findfp.o)
                              ./system/src/newlib/_syscalls.o (__sinit)
c:/program files (x86)/gnu tools arm embedded/6 2017-q2-update/bin/../lib/gcc/arm-none-eabi/6.3.1/../../../../arm-none-eabi/lib/thumb/v7e-m\libg_nano.a(lib_a-fopen.o)
                              ./src/main.o (fopen)
c:/program files (x86)/gnu tools arm embedded/6 2017-q2-update/bin/../lib/gcc/arm-none-eabi/6.3.1/../../../../arm-none-eabi/lib/thumb/v7e-m\libg_nano.a(lib_a-fprintf.o)
                              ./src/main.o (fprintf)
c:/program files (x86)/gnu tools arm embedded/6 2017-q2-update/bin/../lib/gcc/arm-none-eabi/6.3.1/../../../../arm-none-eabi/lib/thumb/v7e-m\libg_nano.a(lib_a-fscanf.o)
                              ./src/main.o (fscanf)
c:/program files (x86)/gnu tools arm embedded/6 2017-q2-update/bin/../lib/gcc/arm-none-eabi/6.3.1/../../../../arm-none-eabi/lib/thumb/v7e-m\libg_nano.a(lib_a-fseek.o)
                              c:/program files (x86)/gnu tools arm embedded/6 2017-q2-update/bin/../lib/gcc/arm-none-eabi/6.3.1/../../../../arm-none-eabi/lib/thumb/v7e-m\libg_nano.a(lib_a-fopen.o) (_fseek_r)
c:/program files (x86)/gnu tools arm embedded/6 2017-q2-update/bin/../lib/gcc/arm-none-eabi/6.3.1/../../../../arm-none-eabi/lib/thumb/v7e-m\libg_nano.a(lib_a-fseeko.o)
                              c:/program files (x86)/gnu tools arm embedded/6 2017-q2-update/bin/../lib/gcc/arm-none-eabi/6.3.1/../../../../arm-none-eabi/lib/thumb/v7e-m\libg_nano.a(lib_a-fseek.o) (_fseeko_r)
c:/program files (x86)/gnu tools arm embedded/6 2017-q2-update/bin/../lib/gcc/arm-none-eabi/6.3.1/../../../../arm-none-eabi/lib/thumb/v7e-m\libg_nano.a(lib_a-fwalk.o)
                              c:/program files (x86)/gnu tools arm embedded/6 2017-q2-update/bin/../lib/gcc/arm-none-eabi/6.3.1/../../../../arm-none-eabi/lib/thumb/v7e-m\libg_nano.a(lib_a-findfp.o) (_fwalk)
c:/program files (x86)/gnu tools arm embedded/6 2017-q2-update/bin/../lib/gcc/arm-none-eabi/6.3.1/../../../../arm-none-eabi/lib/thumb/v7e-m\libg_nano.a(lib_a-impure.o)
                              c:/program files (x86)/gnu tools arm embedded/6 2017-q2-update/bin/../lib/gcc/arm-none-eabi/6.3.1/../../../../arm-none-eabi/lib/thumb/v7e-m\libg_nano.a(lib_a-fflush.o) (_global_impure_ptr)
c:/program files (x86)/gnu tools arm embedded/6 2017-q2-update/bin/../lib/gcc/arm-none-eabi/6.3.1/../../../../arm-none-eabi/lib/thumb/v7e-m\libg_nano.a(lib_a-init.o)
                              ./system/src/cmsis/startup_stm32f746xx.o (__libc_init_array)
c:/program files (x86)/gnu tools arm embedded/6 2017-q2-update/bin/../lib/gcc/arm-none-eabi/6.3.1/../../../../arm-none-eabi/lib/thumb/v7e-m\libg_nano.a(lib_a-locale.o)
                              ./system/src/newlib/_syscalls.o (__locale_ctype_ptr)
c:/program files (x86)/gnu tools arm embedded/6 2017-q2-update/bin/../lib/gcc/arm-none-eabi/6.3.1/../../../../arm-none-eabi/lib/thumb/v7e-m\libg_nano.a(lib_a-makebuf.o)
[...]
Memory Configuration

Name             Origin             Length             Attributes
FLASH            0x08000000         0x00100000         xr
RAM              0x20000000         0x00050000         xrw
CCMRAM           0x10000000         0x00000000         xrw
FLASHB1          0x00000000         0x00000000         xr
EXTMEMB0         0x00000000         0x00000000         xr
EXTMEMB1         0x00000000         0x00000000         xr
EXTMEMB2         0x00000000         0x00000000         xr
EXTMEMB3         0x00000000         0x00000000         xr
*default*        0x00000000         0xffffffff

Linker script and memory map

LOAD ./system/src/stm32f7xx/stm32f7xx_hal.o
LOAD ./system/src/stm32f7xx/stm32f7xx_hal_adc.o
LOAD ./system/src/stm32f7xx/stm32f7xx_hal_adc_ex.o
LOAD ./system/src/stm32f7xx/stm32f7xx_hal_cortex.o
LOAD ./system/src/stm32f7xx/stm32f7xx_hal_dac.o
LOAD ./system/src/stm32f7xx/stm32f7xx_hal_dac_ex.o
LOAD ./system/src/stm32f7xx/stm32f7xx_hal_dma.o
LOAD ./system/src/stm32f7xx/stm32f7xx_hal_dma_ex.o
LOAD ./system/src/stm32f7xx/stm32f7xx_hal_flash.o
LOAD ./system/src/stm32f7xx/stm32f7xx_hal_flash_ex.o
LOAD ./system/src/stm32f7xx/stm32f7xx_hal_gpio.o
LOAD ./system/src/stm32f7xx/stm32f7xx_hal_i2c.o
LOAD ./system/src/stm32f7xx/stm32f7xx_hal_i2c_ex.o
LOAD ./system/src/stm32f7xx/stm32f7xx_hal_pwr.o
LOAD ./system/src/stm32f7xx/stm32f7xx_hal_pwr_ex.o
LOAD ./system/src/stm32f7xx/stm32f7xx_hal_rcc.o
LOAD ./system/src/stm32f7xx/stm32f7xx_hal_rcc_ex.o
LOAD ./system/src/stm32f7xx/stm32f7xx_hal_tim.o
LOAD ./system/src/stm32f7xx/stm32f7xx_hal_tim_ex.o
LOAD ./system/src/newlib/_cxx.o
LOAD ./system/src/newlib/_exit.o
LOAD ./system/src/newlib/_sbrk.o
LOAD ./system/src/newlib/_startup.o
LOAD ./system/src/newlib/_syscalls.o
LOAD ./system/src/newlib/assert.o
LOAD ./system/src/diag/Trace.o
LOAD ./system/src/diag/trace_impl.o
LOAD ./system/src/cortexm/_initialize_hardware.o
LOAD ./system/src/cortexm/_reset_hardware.o
LOAD ./system/src/cortexm/exception_handlers.o
LOAD ./system/src/cmsis/startup_stm32f746xx.o
LOAD ./system/src/cmsis/system_stm32f7xx.o
LOAD ./src/dsp.o
LOAD ./src/main.o
LOAD ./src/stm32f7xx_hal_msp.o
LOAD ./src/stm32f7xx_it.o
LOAD C:\STM32ToolChain\CMSIS\ARM.CMSIS.5.2.0\CMSIS\Lib\GCC\libarm_cortexM7l_math.a
LOAD c:/program files (x86)/gnu tools arm embedded/6 2017-q2-update/bin/../lib/gcc/arm-none-eabi/6.3.1/../../../../arm-none-eabi/lib/thumb/v7e-m\libstdc++_nano.a
LOAD c:/program files (x86)/gnu tools arm embedded/6 2017-q2-update/bin/../lib/gcc/arm-none-eabi/6.3.1/../../../../arm-none-eabi/lib/thumb/v7e-m\libm.a
START GROUP
LOAD c:/program files (x86)/gnu tools arm embedded/6 2017-q2-update/bin/../lib/gcc/arm-none-eabi/6.3.1/thumb/v7e-m\libgcc.a
LOAD c:/program files (x86)/gnu tools arm embedded/6 2017-q2-update/bin/../lib/gcc/arm-none-eabi/6.3.1/../../../../arm-none-eabi/lib/thumb/v7e-m\libg_nano.a
LOAD c:/program files (x86)/gnu tools arm embedded/6 2017-q2-update/bin/../lib/gcc/arm-none-eabi/6.3.1/../../../../arm-none-eabi/lib/thumb/v7e-m\libc_nano.a
END GROUP
START GROUP
LOAD c:/program files (x86)/gnu tools arm embedded/6 2017-q2-update/bin/../lib/gcc/arm-none-eabi/6.3.1/thumb/v7e-m\libgcc.a
LOAD c:/program files (x86)/gnu tools arm embedded/6 2017-q2-update/bin/../lib/gcc/arm-none-eabi/6.3.1/../../../../arm-none-eabi/lib/thumb/v7e-m\libc_nano.a
END GROUP
                0x20050000                __stack = (ORIGIN (RAM) + LENGTH (RAM))
                0x20050000                _estack = __stack
                0x00000400                __Main_Stack_Size = 0x400
                [!provide]                PROVIDE (_Main_Stack_Size, __Main_Stack_Size)
                0x2004fc00                __Main_Stack_Limit = (__stack - __Main_Stack_Size)
                [!provide]                PROVIDE (_Main_Stack_Limit, __Main_Stack_Limit)
                0x00000100                _Minimum_Stack_Size = 0x100
                0x20005424                PROVIDE (_Heap_Begin, _end_noinit)
                0x2004fc00                PROVIDE (_Heap_Limit, (__stack - __Main_Stack_Size))

.isr_vector     0x08000000      0x408
 FILL mask 0xff
                0x08000000                __vectors_start = ABSOLUTE (.)
                0x08000000                __vectors_start__ = ABSOLUTE (.)
 *(.isr_vector)
 .isr_vector    0x08000000      0x1c8 ./system/src/cmsis/startup_stm32f746xx.o
                0x08000000                g_pfnVectors
 *(.cfmconfig)
 *(.after_vectors .after_vectors.*)
 .after_vectors
                0x080001c8      0x114 ./system/src/newlib/_startup.o
                0x080001c8                _start
 .after_vectors
                0x080002dc      0x12c ./system/src/cortexm/exception_handlers.o
                0x080002dc                Reset_Handler
                0x080002e2                NMI_Handler
                0x080002fa                HardFault_Handler_C
                0x08000358                MemManage_Handler
                0x0800035c                BusFault_Handler
                0x08000370                BusFault_Handler_C
                0x080003a4                UsageFault_Handler
                0x080003b8                UsageFault_Handler_C
                0x080003ec                SVC_Handler
                0x080003f0                DebugMon_Handler
                0x080003f4                PendSV_Handler

.inits          0x08000408       0x28
                0x08000408                __data_regions_array_start = .
                0x08000408        0x4 LONG 0x800569c LOADADDR (.data)
                0x0800040c        0x4 LONG 0x20000000 ADDR (.data)
                0x08000410        0x4 LONG 0x200001dc (ADDR (.data) + SIZEOF (.data))
                0x08000414        0x4 LONG 0x800569c LOADADDR (.data_CCMRAM)
                0x08000418        0x4 LONG 0x10000000 ADDR (.data_CCMRAM)
                0x0800041c        0x4 LONG 0x10000000 (ADDR (.data_CCMRAM) + SIZEOF (.data_CCMRAM))
                0x08000420                __data_regions_array_end = .
                0x08000420                __bss_regions_array_start = .
                0x08000420        0x4 LONG 0x200001dc ADDR (.bss)
                0x08000424        0x4 LONG 0x20005424 (ADDR (.bss) + SIZEOF (.bss))
                0x08000428        0x4 LONG 0x10000000 ADDR (.bss_CCMRAM)
                0x0800042c        0x4 LONG 0x10000000 (ADDR (.bss_CCMRAM) + SIZEOF (.bss_CCMRAM))
                0x08000430                __bss_regions_array_end = .
 *(.init)
 *(.fini)
                0x08000430                . = ALIGN (0x4)
                0x08000430                PROVIDE (__preinit_array_start, .)
 *(.preinit_array_sysinit .preinit_array_sysinit.*)
 *(.preinit_array_platform .preinit_array_platform.*)
 *(.preinit_array .preinit_array.*)
                0x08000430                PROVIDE (__preinit_array_end, .)
                0x08000430                . = ALIGN (0x4)
                0x08000430                PROVIDE (__init_array_start, .)
 *(SORT(.init_array.*))
 *(.init_array)
                0x08000430                PROVIDE (__init_array_end, .)
                0x08000430                . = ALIGN (0x4)
                0x08000430                PROVIDE (__fini_array_start, .)
 *(SORT(.fini_array.*))
 *(.fini_array)
                0x08000430                PROVIDE (__fini_array_end, .)

.flashtext
 *(.flashtext .flashtext.*)

.text           0x08000430     0x526c
 *(.text .text.*)
 .text.HAL_InitTick
                0x08000430       0x2c ./system/src/stm32f7xx/stm32f7xx_hal.o
                0x08000430                HAL_InitTick
 .text.HAL_Init
                0x0800045c       0x16 ./system/src/stm32f7xx/stm32f7xx_hal.o
                0x0800045c                HAL_Init
 *fill*         0x08000472        0x2 
 .text.HAL_IncTick
                0x08000474       0x10 ./system/src/stm32f7xx/stm32f7xx_hal.o
                0x08000474                HAL_IncTick
 .text.HAL_GetTick
                0x08000484        0xc ./system/src/stm32f7xx/stm32f7xx_hal.o
                0x08000484                HAL_GetTick
 .text.ADC_Init
                0x08000490      0x130 ./system/src/stm32f7xx/stm32f7xx_hal_adc.o
 .text.HAL_ADC_Init
                0x080005c0       0x54 ./system/src/stm32f7xx/stm32f7xx_hal_adc.o
                0x080005c0                HAL_ADC_Init
 .text.HAL_ADC_Start_IT
                0x08000614      0x108 ./system/src/stm32f7xx/stm32f7xx_hal_adc.o
                0x08000614                HAL_ADC_Start_IT
 .text.HAL_ADC_Stop_IT
                0x0800071c       0x4c ./system/src/stm32f7xx/stm32f7xx_hal_adc.o
                0x0800071c                HAL_ADC_Stop_IT
 .text.HAL_ADC_GetValue
                0x08000768        0x6 ./system/src/stm32f7xx/stm32f7xx_hal_adc.o
                0x08000768                HAL_ADC_GetValue
 .text.HAL_ADC_LevelOutOfWindowCallback
                0x0800076e        0x2 ./system/src/stm32f7xx/stm32f7xx_hal_adc.o
                0x0800076e                HAL_ADC_LevelOutOfWindowCallback
 .text.HAL_ADC_IRQHandler
                0x08000770      0x142 ./system/src/stm32f7xx/stm32f7xx_hal_adc.o
                0x08000770                HAL_ADC_IRQHandler
 *fill*         0x080008b2        0x2 
 .text.HAL_ADC_ConfigChannel
                0x080008b4      0x1ac ./system/src/stm32f7xx/stm32f7xx_hal_adc.o
                0x080008b4                HAL_ADC_ConfigChannel
 .text.HAL_ADCEx_InjectedConvCpltCallback
                0x08000a60        0x2 ./system/src/stm32f7xx/stm32f7xx_hal_adc_ex.o
                0x08000a60                HAL_ADCEx_InjectedConvCpltCallback
 *fill*         0x08000a62        0x2 
 .text.HAL_NVIC_SetPriorityGrouping
                0x08000a64       0x24 ./system/src/stm32f7xx/stm32f7xx_hal_cortex.o
                0x08000a64                HAL_NVIC_SetPriorityGrouping
 .text.HAL_NVIC_SetPriority
                0x08000a88       0x60 ./system/src/stm32f7xx/stm32f7xx_hal_cortex.o
                0x08000a88                HAL_NVIC_SetPriority
 .text.HAL_NVIC_EnableIRQ
                0x08000ae8       0x18 ./system/src/stm32f7xx/stm32f7xx_hal_cortex.o
                0x08000ae8                HAL_NVIC_EnableIRQ
 .text.HAL_SYSTICK_Config
                0x08000b00       0x2c ./system/src/stm32f7xx/stm32f7xx_hal_cortex.o
                0x08000b00                HAL_SYSTICK_Config
 .text.HAL_SYSTICK_CLKSourceConfig
                0x08000b2c       0x20 ./system/src/stm32f7xx/stm32f7xx_hal_cortex.o
                0x08000b2c                HAL_SYSTICK_CLKSourceConfig
 .text.HAL_SYSTICK_Callback
                0x08000b4c        0x2 ./system/src/stm32f7xx/stm32f7xx_hal_cortex.o
                0x08000b4c                HAL_SYSTICK_Callback
 .text.HAL_SYSTICK_IRQHandler
                0x08000b4e        0x8 ./system/src/stm32f7xx/stm32f7xx_hal_cortex.o
                0x08000b4e                HAL_SYSTICK_IRQHandler
 .text.HAL_DAC_Init
                0x08000b56       0x24 ./system/src/stm32f7xx/stm32f7xx_hal_dac.o
                0x08000b56                HAL_DAC_Init
 .text.HAL_DAC_DMAUnderrunCallbackCh1
                0x08000b7a        0x2 ./system/src/stm32f7xx/stm32f7xx_hal_dac.o
                0x08000b7a                HAL_DAC_DMAUnderrunCallbackCh1
 .text.HAL_DAC_IRQHandler
                0x08000b7c       0x60 ./system/src/stm32f7xx/stm32f7xx_hal_dac.o
                0x08000b7c                HAL_DAC_IRQHandler
 .text.HAL_DAC_ConfigChannel
                0x08000bdc       0x4a ./system/src/stm32f7xx/stm32f7xx_hal_dac.o
                0x08000bdc                HAL_DAC_ConfigChannel
 .text.HAL_DACEx_DMAUnderrunCallbackCh2
                0x08000c26        0x2 ./system/src/stm32f7xx/stm32f7xx_hal_dac_ex.o
                0x08000c26                HAL_DACEx_DMAUnderrunCallbackCh2
 .text.DMA_CalcBaseAndBitshift
                0x08000c28       0x38 ./system/src/stm32f7xx/stm32f7xx_hal_dma.o
 .text.DMA_CheckFifoParam
                0x08000c60       0x8e ./system/src/stm32f7xx/stm32f7xx_hal_dma.o
 *fill*         0x08000cee        0x2 
 .text.HAL_DMA_Init
                0x08000cf0       0xd0 ./system/src/stm32f7xx/stm32f7xx_hal_dma.o
                0x08000cf0                HAL_DMA_Init
 .text.HAL_DMA_IRQHandler
                0x08000dc0      0x1e4 ./system/src/stm32f7xx/stm32f7xx_hal_dma.o
                0x08000dc0                HAL_DMA_IRQHandler
 .text.HAL_GPIO_Init
                0x08000fa4      0x1dc ./system/src/stm32f7xx/stm32f7xx_hal_gpio.o
                0x08000fa4                HAL_GPIO_Init
 .text.HAL_GPIO_WritePin
                0x08001180        0xc ./system/src/stm32f7xx/stm32f7xx_hal_gpio.o
                0x08001180                HAL_GPIO_WritePin
 .text.HAL_GPIO_TogglePin
                0x0800118c        0x8 ./system/src/stm32f7xx/stm32f7xx_hal_gpio.o
                0x0800118c                HAL_GPIO_TogglePin
 .text.HAL_PWREx_EnableOverDrive
                0x08001194       0x7c ./system/src/stm32f7xx/stm32f7xx_hal_pwr_ex.o
                0x08001194                HAL_PWREx_EnableOverDrive
 .text.HAL_RCC_OscConfig
                0x08001210      0x3d4 ./system/src/stm32f7xx/stm32f7xx_hal_rcc.o
                0x08001210                HAL_RCC_OscConfig
 .text.HAL_RCC_GetSysClockFreq
                0x080015e4       0x6c ./system/src/stm32f7xx/stm32f7xx_hal_rcc.o
                0x080015e4                HAL_RCC_GetSysClockFreq
 .text.HAL_RCC_ClockConfig
                0x08001650      0x140 ./system/src/stm32f7xx/stm32f7xx_hal_rcc.o
                0x08001650                HAL_RCC_ClockConfig
 .text.HAL_RCC_GetHCLKFreq
                0x08001790        0xc ./system/src/stm32f7xx/stm32f7xx_hal_rcc.o
                0x08001790                HAL_RCC_GetHCLKFreq
 .text.TIM_TI1_ConfigInputStage
                0x0800179c       0x24 ./system/src/stm32f7xx/stm32f7xx_hal_tim.o
 .text.TIM_TI2_ConfigInputStage
                0x080017c0       0x26 ./system/src/stm32f7xx/stm32f7xx_hal_tim.o
 .text.TIM_ITRx_SetConfig
                0x080017e6       0x10 ./system/src/stm32f7xx/stm32f7xx_hal_tim.o
 .text.HAL_TIM_Base_Start
                0x080017f6       0x1a ./system/src/stm32f7xx/stm32f7xx_hal_tim.o
                0x080017f6                HAL_TIM_Base_Start
 .text.HAL_TIM_Base_Start_IT
                0x08001810       0x18 ./system/src/stm32f7xx/stm32f7xx_hal_tim.o
                0x08001810                HAL_TIM_Base_Start_IT
 .text.HAL_TIM_OC_DelayElapsedCallback
                0x08001828        0x2 ./system/src/stm32f7xx/stm32f7xx_hal_tim.o
                0x08001828                HAL_TIM_OC_DelayElapsedCallback
 .text.HAL_TIM_IC_CaptureCallback
                0x0800182a        0x2 ./system/src/stm32f7xx/stm32f7xx_hal_tim.o
                0x0800182a                HAL_TIM_IC_CaptureCallback
 .text.HAL_TIM_PWM_PulseFinishedCallback
                0x0800182c        0x2 ./system/src/stm32f7xx/stm32f7xx_hal_tim.o
                0x0800182c                HAL_TIM_PWM_PulseFinishedCallback
 .text.HAL_TIM_TriggerCallback
                0x0800182e        0x2 ./system/src/stm32f7xx/stm32f7xx_hal_tim.o
                0x0800182e                HAL_TIM_TriggerCallback
 .text.HAL_TIM_IRQHandler
                0x08001830      0x19a ./system/src/stm32f7xx/stm32f7xx_hal_tim.o
                0x08001830                HAL_TIM_IRQHandler
 *fill*         0x080019ca        0x2 
 .text.TIM_Base_SetConfig
                0x080019cc      0x140 ./system/src/stm32f7xx/stm32f7xx_hal_tim.o
                0x080019cc                TIM_Base_SetConfig
 .text.HAL_TIM_Base_Init
                0x08001b0c       0x32 ./system/src/stm32f7xx/stm32f7xx_hal_tim.o
                0x08001b0c                HAL_TIM_Base_Init
 .text.TIM_ETR_SetConfig
                0x08001b3e       0x16 ./system/src/stm32f7xx/stm32f7xx_hal_tim.o
                0x08001b3e                TIM_ETR_SetConfig
 .text.HAL_TIM_ConfigClockSource
                0x08001b54      0x114 ./system/src/stm32f7xx/stm32f7xx_hal_tim.o
                0x08001b54                HAL_TIM_ConfigClockSource
 .text.HAL_TIM_SlaveConfigSynchronization
                0x08001c68       0xa0 ./system/src/stm32f7xx/stm32f7xx_hal_tim.o
                0x08001c68                HAL_TIM_SlaveConfigSynchronization
 .text.HAL_TIMEx_MasterConfigSynchronization
                0x08001d08       0x58 ./system/src/stm32f7xx/stm32f7xx_hal_tim_ex.o
                0x08001d08                HAL_TIMEx_MasterConfigSynchronization
 .text.HAL_TIMEx_CommutationCallback
                0x08001d60        0x2 ./system/src/stm32f7xx/stm32f7xx_hal_tim_ex.o
                0x08001d60                HAL_TIMEx_CommutationCallback
 .text.HAL_TIMEx_BreakCallback
                0x08001d62        0x2 ./system/src/stm32f7xx/stm32f7xx_hal_tim_ex.o
                0x08001d62                HAL_TIMEx_BreakCallback
 .text._sbrk    0x08001d64       0x44 ./system/src/newlib/_sbrk.o
                0x08001d64                _sbrk
 .text.newslot  0x08001da8       0x28 ./system/src/newlib/_syscalls.o
 .text.get_errno
                0x08001dd0       0x12 ./system/src/newlib/_syscalls.o
 .text.error    0x08001de2       0x14 ./system/src/newlib/_syscalls.o
 .text.checkerror
                0x08001df6       0x10 ./system/src/newlib/_syscalls.o
 *fill*         0x08001e06        0x2 
 .text.findslot
                0x08001e08       0x3c ./system/src/newlib/_syscalls.o
 .text._exit    0x08001e44       0x20 ./system/src/newlib/_syscalls.o
                0x08001e44                _exit
 .text.initialise_monitor_handles
                0x08001e64       0xa8 ./system/src/newlib/_syscalls.o
                0x08001e64                initialise_monitor_handles
 .text.__initialize_args
                0x08001f0c       0xe8 ./system/src/newlib/_syscalls.o
                0x08001f0c                __initialize_args
 .text._swiread
                0x08001ff4       0x20 ./system/src/newlib/_syscalls.o
                0x08001ff4                _swiread
 .text._read    0x08002014       0x36 ./system/src/newlib/_syscalls.o
                0x08002014                _read
 .text._swilseek
                0x0800204a       0xba ./system/src/newlib/_syscalls.o
                0x0800204a                _swilseek
 .text._lseek   0x08002104        0x8 ./system/src/newlib/_syscalls.o
                0x08002104                _lseek
 .text._swiwrite
                0x0800210c       0x20 ./system/src/newlib/_syscalls.o
                0x0800210c                _swiwrite
 .text._write   0x0800212c       0x46 ./system/src/newlib/_syscalls.o
                0x0800212c                _write
 .text._swiclose
                0x08002172       0x1e ./system/src/newlib/_syscalls.o
                0x08002172                _swiclose
 .text._close   0x08002190       0x4c ./system/src/newlib/_syscalls.o
                0x08002190                _close
 .text._swistat
                0x080021dc       0x44 ./system/src/newlib/_syscalls.o
                0x080021dc                _swistat
 .text._fstat   0x08002220       0x1a ./system/src/newlib/_syscalls.o
                0x08002220                _fstat
 .text._stat    0x0800223a       0x3e ./system/src/newlib/_syscalls.o
                0x0800223a                _stat
 .text._swiopen
                0x08002278       0xb0 ./system/src/newlib/_syscalls.o
                0x08002278                _swiopen
 .text._open    0x08002328       0x12 ./system/src/newlib/_syscalls.o
                0x08002328                _open
 .text._isatty  0x0800233a       0x36 ./system/src/newlib/_syscalls.o
                0x0800233a                _isatty
 .text.trace_printf
                0x08002370       0x30 ./system/src/diag/Trace.o
                0x08002370                trace_printf
 .text._trace_write_semihosting_debug
                0x080023a0       0x60 ./system/src/diag/trace_impl.o
 .text.trace_write
                0x08002400        0x8 ./system/src/diag/trace_impl.o
                0x08002400                trace_write
 .text.__initialize_hardware_early
                0x08002408       0x18 ./system/src/cortexm/_initialize_hardware.o
                0x08002408                __initialize_hardware_early
 .text.__initialize_hardware
                0x08002420        0x8 ./system/src/cortexm/_initialize_hardware.o
                0x08002420                __initialize_hardware
 .text.dumpExceptionStack
                0x08002428       0xf4 ./system/src/cortexm/exception_handlers.o
                0x08002428                dumpExceptionStack
 .text.isSemihosting
                0x0800251c      0x100 ./system/src/cortexm/exception_handlers.o
                0x0800251c                isSemihosting
 .text.Default_Handler
                0x0800261c        0x2 ./system/src/cmsis/startup_stm32f746xx.o
                0x0800261c                RTC_Alarm_IRQHandler
                0x0800261c                EXTI2_IRQHandler
                0x0800261c                TIM8_CC_IRQHandler
                0x0800261c                UART8_IRQHandler
                0x0800261c                SPI4_IRQHandler
                0x0800261c                TIM1_CC_IRQHandler
                0x0800261c                DMA2_Stream5_IRQHandler
                0x0800261c                PVD_IRQHandler
                0x0800261c                TAMP_STAMP_IRQHandler
                0x0800261c                CAN2_RX1_IRQHandler
                0x0800261c                EXTI3_IRQHandler
                0x0800261c                TIM8_TRG_COM_TIM14_IRQHandler
                0x0800261c                TIM1_UP_TIM10_IRQHandler
                0x0800261c                I2C3_ER_IRQHandler
                0x0800261c                EXTI0_IRQHandler
                0x0800261c                I2C2_EV_IRQHandler
                0x0800261c                DMA1_Stream2_IRQHandler
                0x0800261c                CAN1_RX0_IRQHandler
                0x0800261c                FPU_IRQHandler
                0x0800261c                OTG_HS_WKUP_IRQHandler
                0x0800261c                LTDC_ER_IRQHandler
                0x0800261c                CAN2_SCE_IRQHandler
                0x0800261c                DMA2_Stream2_IRQHandler
                0x0800261c                SPI1_IRQHandler
                0x0800261c                TIM1_BRK_TIM9_IRQHandler
                0x0800261c                DCMI_IRQHandler
                0x0800261c                CAN2_RX0_IRQHandler
                0x0800261c                DMA2_Stream3_IRQHandler
                0x0800261c                SAI2_IRQHandler
                0x0800261c                USART6_IRQHandler
                0x0800261c                USART3_IRQHandler
                0x0800261c                CAN1_RX1_IRQHandler
                0x0800261c                UART5_IRQHandler
                0x0800261c                TIM4_IRQHandler
                0x0800261c                QUADSPI_IRQHandler
                0x0800261c                I2C1_EV_IRQHandler
                0x0800261c                DMA1_Stream6_IRQHandler
                0x0800261c                DMA1_Stream1_IRQHandler
                0x0800261c                UART4_IRQHandler
                0x0800261c                RCC_IRQHandler
                0x0800261c                TIM8_BRK_TIM12_IRQHandler
                0x0800261c                Default_Handler
                0x0800261c                CEC_IRQHandler
                0x0800261c                DMA1_Stream7_IRQHandler
                0x0800261c                SPI5_IRQHandler
                0x0800261c                TIM7_IRQHandler
                0x0800261c                SDMMC1_IRQHandler
                0x0800261c                CAN2_TX_IRQHandler
                0x0800261c                DMA2_Stream7_IRQHandler
                0x0800261c                I2C3_EV_IRQHandler
                0x0800261c                EXTI9_5_IRQHandler
                0x0800261c                RTC_WKUP_IRQHandler
                0x0800261c                LTDC_IRQHandler
                0x0800261c                ETH_WKUP_IRQHandler
                0x0800261c                SPDIF_RX_IRQHandler
                0x0800261c                SPI2_IRQHandler
                0x0800261c                OTG_HS_EP1_IN_IRQHandler
                0x0800261c                DMA1_Stream0_IRQHandler
                0x0800261c                CAN1_TX_IRQHandler
                0x0800261c                EXTI4_IRQHandler
                0x0800261c                RNG_IRQHandler
                0x0800261c                ETH_IRQHandler
                0x0800261c                OTG_HS_EP1_OUT_IRQHandler
                0x0800261c                WWDG_IRQHandler
                0x0800261c                SPI6_IRQHandler
                0x0800261c                I2C4_EV_IRQHandler
                0x0800261c                OTG_FS_WKUP_IRQHandler
                0x0800261c                TIM1_TRG_COM_TIM11_IRQHandler
                0x0800261c                OTG_HS_IRQHandler
                0x0800261c                DMA2D_IRQHandler
                0x0800261c                EXTI1_IRQHandler
                0x0800261c                UART7_IRQHandler
                0x0800261c                USART2_IRQHandler
                0x0800261c                I2C2_ER_IRQHandler
                0x0800261c                DMA2_Stream1_IRQHandler
                0x0800261c                CAN1_SCE_IRQHandler
                0x0800261c                FLASH_IRQHandler
                0x0800261c                DMA2_Stream4_IRQHandler
                0x0800261c                USART1_IRQHandler
                0x0800261c                OTG_FS_IRQHandler
                0x0800261c                SPI3_IRQHandler
                0x0800261c                DMA1_Stream4_IRQHandler
                0x0800261c                I2C1_ER_IRQHandler
                0x0800261c                FMC_IRQHandler
                0x0800261c                LPTIM1_IRQHandler
                0x0800261c                I2C4_ER_IRQHandler
                0x0800261c                DMA2_Stream6_IRQHandler
                0x0800261c                SAI1_IRQHandler
                0x0800261c                DMA1_Stream3_IRQHandler
 *fill*         0x0800261e        0x2 
 .text.SystemInit
                0x08002620       0x40 ./system/src/cmsis/system_stm32f7xx.o
                0x08002620                SystemInit
 .text.SystemCoreClockUpdate
                0x08002660       0xa0 ./system/src/cmsis/system_stm32f7xx.o
                0x08002660                SystemCoreClockUpdate
 .text.MX_DMA_Init
                0x08002700       0x54 ./src/main.o
 .text.MX_GPIO_Init
                0x08002754      0x1b0 ./src/main.o
 .text.EXTI15_10_IRQHandler
                0x08002904       0x44 ./src/main.o
                0x08002904                EXTI15_10_IRQHandler
 .text.TIM2_IRQHandler
                0x08002948       0x10 ./src/main.o
                0x08002948                TIM2_IRQHandler
 .text.HAL_TIM_PeriodElapsedCallback
                0x08002958        0x2 ./src/main.o
                0x08002958                HAL_TIM_PeriodElapsedCallback
 *fill*         0x0800295a        0x2 
 .text.TIM8_UP_TIM13_IRQHandler
                0x0800295c       0x10 ./src/main.o
                0x0800295c                TIM8_UP_TIM13_IRQHandler
 .text.TIM5_IRQHandler
                0x0800296c       0x10 ./src/main.o
                0x0800296c                TIM5_IRQHandler
 .text.TIM3_IRQHandler
                0x0800297c       0x28 ./src/main.o
                0x0800297c                TIM3_IRQHandler
 .text.print_csv_data
                0x080029a4       0x48 ./src/main.o
                0x080029a4                print_csv_data
 .text.ADC_ConvCpltCallback
                0x080029ec       0x3c ./src/main.o
                0x080029ec                ADC_ConvCpltCallback
 .text.HAL_ADC_ConvCpltCallback
                0x08002a28       0x48 ./src/main.o
                0x08002a28                HAL_ADC_ConvCpltCallback
 .text.print_csv_fs
                0x08002a70       0x28 ./src/main.o
                0x08002a70                print_csv_fs
 .text.fetch_matlab_input
                0x08002a98       0x48 ./src/main.o
                0x08002a98                fetch_matlab_input
 .text.HAL_ADC_ErrorCallback
                0x08002ae0       0x28 ./src/main.o
                0x08002ae0                HAL_ADC_ErrorCallback
 .text._Error_Handler
                0x08002b08        0x2 ./src/main.o
                0x08002b08                _Error_Handler
 *fill*         0x08002b0a        0x2 
 .text.MX_TIM2_Init
                0x08002b0c       0x70 ./src/main.o
 .text.MX_TIM8_Init
                0x08002b7c       0x78 ./src/main.o
 .text.MX_TIM5_Init
                0x08002bf4       0x78 ./src/main.o
 .text.MX_TIM3_Init
                0x08002c6c       0x78 ./src/main.o
 .text.MX_ADC1_Init
                0x08002ce4       0x6c ./src/main.o
 .text.MX_DAC_Init
                0x08002d50       0x48 ./src/main.o
 .text.SystemClock_Config
                0x08002d98       0xcc ./src/main.o
                0x08002d98                SystemClock_Config
 .text.init_hardware
                0x08002e64       0x80 ./src/main.o
 .text.main     0x08002ee4       0x18 ./src/main.o
                0x08002ee4                main
 .text.HAL_MspInit
                0x08002efc       0x5e ./src/stm32f7xx_hal_msp.o
                0x08002efc                HAL_MspInit
 *fill*         0x08002f5a        0x2 
 .text.HAL_ADC_MspInit
                0x08002f5c       0x9c ./src/stm32f7xx_hal_msp.o
                0x08002f5c                HAL_ADC_MspInit
 .text.HAL_DAC_MspInit
                0x08002ff8       0xa4 ./src/stm32f7xx_hal_msp.o
                0x08002ff8                HAL_DAC_MspInit
 .text.HAL_TIM_Base_MspInit
                0x0800309c       0x8c ./src/stm32f7xx_hal_msp.o
                0x0800309c                HAL_TIM_Base_MspInit
 .text.HardFault_Handler
                0x08003128        0x2 ./src/stm32f7xx_it.o
                0x08003128                HardFault_Handler
 .text.SysTick_Handler
                0x0800312a        0xc ./src/stm32f7xx_it.o
                0x0800312a                SysTick_Handler
 *fill*         0x08003136        0x2 
 .text.DMA1_Stream5_IRQHandler
                0x08003138       0x10 ./src/stm32f7xx_it.o
                0x08003138                DMA1_Stream5_IRQHandler
 .text.ADC_IRQHandler
                0x08003148       0x10 ./src/stm32f7xx_it.o
                0x08003148                ADC_IRQHandler
 .text.TIM6_DAC_IRQHandler
                0x08003158       0x10 ./src/stm32f7xx_it.o
                0x08003158                TIM6_DAC_IRQHandler
 .text.DMA2_Stream0_IRQHandler
                0x08003168       0x10 ./src/stm32f7xx_it.o
                0x08003168                DMA2_Stream0_IRQHandler
 .text.__errno  0x08003178        0xc c:/program files (x86)/gnu tools arm embedded/6 2017-q2-update/bin/../lib/gcc/arm-none-eabi/6.3.1/../../../../arm-none-eabi/lib/thumb/v7e-m\libg_nano.a(lib_a-errno.o)
                0x08003178                __errno
 .text._fclose_r
                0x08003184       0xa4 c:/program files (x86)/gnu tools arm embedded/6 2017-q2-update/bin/../lib/gcc/arm-none-eabi/6.3.1/../../../../arm-none-eabi/lib/thumb/v7e-m\libg_nano.a(lib_a-fclose.o)
                0x08003184                _fclose_r
 .text.fclose   0x08003228       0x10 c:/program files (x86)/gnu tools arm embedded/6 2017-q2-update/bin/../lib/gcc/arm-none-eabi/6.3.1/../../../../arm-none-eabi/lib/thumb/v7e-m\libg_nano.a(lib_a-fclose.o)
                0x08003228                fclose
 .text.__sflush_r
                0x08003238      0x110 c:/program files (x86)/gnu tools arm embedded/6 2017-q2-update/bin/../lib/gcc/arm-none-eabi/6.3.1/../../../../arm-none-eabi/lib/thumb/v7e-m\libg_nano.a(lib_a-fflush.o)
                0x08003238                __sflush_r
 .text._fflush_r
                0x08003348       0x54 c:/program files (x86)/gnu tools arm embedded/6 2017-q2-update/bin/../lib/gcc/arm-none-eabi/6.3.1/../../../../arm-none-eabi/lib/thumb/v7e-m\libg_nano.a(lib_a-fflush.o)
                0x08003348                _fflush_r
 .text.fflush   0x0800339c       0x24 c:/program files (x86)/gnu tools arm embedded/6 2017-q2-update/bin/../lib/gcc/arm-none-eabi/6.3.1/../../../../arm-none-eabi/lib/thumb/v7e-m\libg_nano.a(lib_a-fflush.o)
                0x0800339c                fflush
 .text._cleanup_r
                0x080033c0        0xc c:/program files (x86)/gnu tools arm embedded/6 2017-q2-update/bin/../lib/gcc/arm-none-eabi/6.3.1/../../../../arm-none-eabi/lib/thumb/v7e-m\libg_nano.a(lib_a-findfp.o)
                0x080033c0                _cleanup_r
 .text.std.isra.0
                0x080033cc       0x48 c:/program files (x86)/gnu tools arm embedded/6 2017-q2-update/bin/../lib/gcc/arm-none-eabi/6.3.1/../../../../arm-none-eabi/lib/thumb/v7e-m\libg_nano.a(lib_a-findfp.o)
 .text.__sfmoreglue
                0x08003414       0x2c c:/program files (x86)/gnu tools arm embedded/6 2017-q2-update/bin/../lib/gcc/arm-none-eabi/6.3.1/../../../../arm-none-eabi/lib/thumb/v7e-m\libg_nano.a(lib_a-findfp.o)
                0x08003414                __sfmoreglue
 .text.__sinit  0x08003440       0x60 c:/program files (x86)/gnu tools arm embedded/6 2017-q2-update/bin/../lib/gcc/arm-none-eabi/6.3.1/../../../../arm-none-eabi/lib/thumb/v7e-m\libg_nano.a(lib_a-findfp.o)
                0x08003440                __sinit
 .text.__sfp    0x080034a0       0x78 c:/program files (x86)/gnu tools arm embedded/6 2017-q2-update/bin/../lib/gcc/arm-none-eabi/6.3.1/../../../../arm-none-eabi/lib/thumb/v7e-m\libg_nano.a(lib_a-findfp.o)
                0x080034a0                __sfp
 .text.__sfp_lock_acquire
                0x08003518        0x2 c:/program files (x86)/gnu tools arm embedded/6 2017-q2-update/bin/../lib/gcc/arm-none-eabi/6.3.1/../../../../arm-none-eabi/lib/thumb/v7e-m\libg_nano.a(lib_a-findfp.o)
                0x08003518                __sfp_lock_acquire
 .text.__sfp_lock_release
                0x0800351a        0x2 c:/program files (x86)/gnu tools arm embedded/6 2017-q2-update/bin/../lib/gcc/arm-none-eabi/6.3.1/../../../../arm-none-eabi/lib/thumb/v7e-m\libg_nano.a(lib_a-findfp.o)
                0x0800351a                __sfp_lock_release
 .text._fopen_r
                0x0800351c       0x80 c:/program files (x86)/gnu tools arm embedded/6 2017-q2-update/bin/../lib/gcc/arm-none-eabi/6.3.1/../../../../arm-none-eabi/lib/thumb/v7e-m\libg_nano.a(lib_a-fopen.o)
                0x0800351c                _fopen_r
 .text.fopen    0x0800359c       0x10 c:/program files (x86)/gnu tools arm embedded/6 2017-q2-update/bin/../lib/gcc/arm-none-eabi/6.3.1/../../../../arm-none-eabi/lib/thumb/v7e-m\libg_nano.a(lib_a-fopen.o)
                0x0800359c                fopen
 .text.fprintf  0x080035ac       0x24 c:/program files (x86)/gnu tools arm embedded/6 2017-q2-update/bin/../lib/gcc/arm-none-eabi/6.3.1/../../../../arm-none-eabi/lib/thumb/v7e-m\libg_nano.a(lib_a-fprintf.o)
                0x080035ac                fiprintf
                0x080035ac                fprintf
 .text.fscanf   0x080035d0       0x24 c:/program files (x86)/gnu tools arm embedded/6 2017-q2-update/bin/../lib/gcc/arm-none-eabi/6.3.1/../../../../arm-none-eabi/lib/thumb/v7e-m\libg_nano.a(lib_a-fscanf.o)
                0x080035d0                fscanf
                0x080035d0                fiscanf
 .text._fseek_r
                0x080035f4        0x4 c:/program files (x86)/gnu tools arm embedded/6 2017-q2-update/bin/../lib/gcc/arm-none-eabi/6.3.1/../../../../arm-none-eabi/lib/thumb/v7e-m\libg_nano.a(lib_a-fseek.o)
                0x080035f4                _fseek_r
 .text._fseeko_r
                0x080035f8      0x120 c:/program files (x86)/gnu tools arm embedded/6 2017-q2-update/bin/../lib/gcc/arm-none-eabi/6.3.1/../../../../arm-none-eabi/lib/thumb/v7e-m\libg_nano.a(lib_a-fseeko.o)
                0x080035f8                _fseeko_r
 .text._fwalk   0x08003718       0x38 c:/program files (x86)/gnu tools arm embedded/6 2017-q2-update/bin/../lib/gcc/arm-none-eabi/6.3.1/../../../../arm-none-eabi/lib/thumb/v7e-m\libg_nano.a(lib_a-fwalk.o)
                0x08003718                _fwalk
 .text._fwalk_reent
                0x08003750       0x3c c:/program files (x86)/gnu tools arm embedded/6 2017-q2-update/bin/../lib/gcc/arm-none-eabi/6.3.1/../../../../arm-none-eabi/lib/thumb/v7e-m\libg_nano.a(lib_a-fwalk.o)
                0x08003750                _fwalk_reent
 .text.__locale_ctype_ptr_l
                0x0800378c        0x6 c:/program files (x86)/gnu tools arm embedded/6 2017-q2-update/bin/../lib/gcc/arm-none-eabi/6.3.1/../../../../arm-none-eabi/lib/thumb/v7e-m\libg_nano.a(lib_a-locale.o)
                0x0800378c                __locale_ctype_ptr_l
 *fill*         0x08003792        0x2 
 .text.__locale_ctype_ptr
                0x08003794       0x1c c:/program files (x86)/gnu tools arm embedded/6 2017-q2-update/bin/../lib/gcc/arm-none-eabi/6.3.1/../../../../arm-none-eabi/lib/thumb/v7e-m\libg_nano.a(lib_a-locale.o)
                0x08003794                __locale_ctype_ptr
 .text.__swhatbuf_r
                0x080037b0       0x48 c:/program files (x86)/gnu tools arm embedded/6 2017-q2-update/bin/../lib/gcc/arm-none-eabi/6.3.1/../../../../arm-none-eabi/lib/thumb/v7e-m\libg_nano.a(lib_a-makebuf.o)
                0x080037b0                __swhatbuf_r
 .text.__smakebuf_r
                0x080037f8       0x80 c:/program files (x86)/gnu tools arm embedded/6 2017-q2-update/bin/../lib/gcc/arm-none-eabi/6.3.1/../../../../arm-none-eabi/lib/thumb/v7e-m\libg_nano.a(lib_a-makebuf.o)
                0x080037f8                __smakebuf_r
 .text.__ascii_mbtowc
                0x08003878       0x24 c:/program files (x86)/gnu tools arm embedded/6 2017-q2-update/bin/../lib/gcc/arm-none-eabi/6.3.1/../../../../arm-none-eabi/lib/thumb/v7e-m\libg_nano.a(lib_a-mbtowc_r.o)
                0x08003878                __ascii_mbtowc
 .text.memcpy   0x0800389c       0x16 c:/program files (x86)/gnu tools arm embedded/6 2017-q2-update/bin/../lib/gcc/arm-none-eabi/6.3.1/../../../../arm-none-eabi/lib/thumb/v7e-m\libg_nano.a(lib_a-memcpy-stub.o)
                0x0800389c                memcpy
 .text.memset   0x080038b2       0x10 c:/program files (x86)/gnu tools arm embedded/6 2017-q2-update/bin/../lib/gcc/arm-none-eabi/6.3.1/../../../../arm-none-eabi/lib/thumb/v7e-m\libg_nano.a(lib_a-memset.o)
                0x080038b2                memset
 *fill*         0x080038c2        0x2 
 .text._free_r  0x080038c4       0x9c c:/program files (x86)/gnu tools arm embedded/6 2017-q2-update/bin/../lib/gcc/arm-none-eabi/6.3.1/../../../../arm-none-eabi/lib/thumb/v7e-m\libg_nano.a(lib_a-nano-freer.o)
                0x080038c4                _free_r
 .text._malloc_r
                0x08003960       0xbc c:/program files (x86)/gnu tools arm embedded/6 2017-q2-update/bin/../lib/gcc/arm-none-eabi/6.3.1/../../../../arm-none-eabi/lib/thumb/v7e-m\libg_nano.a(lib_a-nano-mallocr.o)
                0x08003960                _malloc_r
 .text.__sfputc_r
                0x08003a1c       0x2c c:/program files (x86)/gnu tools arm embedded/6 2017-q2-update/bin/../lib/gcc/arm-none-eabi/6.3.1/../../../../arm-none-eabi/lib/thumb/v7e-m\libg_nano.a(lib_a-nano-vfprintf.o)
 .text.__sfputs_r
                0x08003a48       0x24 c:/program files (x86)/gnu tools arm embedded/6 2017-q2-update/bin/../lib/gcc/arm-none-eabi/6.3.1/../../../../arm-none-eabi/lib/thumb/v7e-m\libg_nano.a(lib_a-nano-vfprintf.o)
                0x08003a48                __sfputs_r
 .text._vfprintf_r
                0x08003a6c      0x22c c:/program files (x86)/gnu tools arm embedded/6 2017-q2-update/bin/../lib/gcc/arm-none-eabi/6.3.1/../../../../arm-none-eabi/lib/thumb/v7e-m\libg_nano.a(lib_a-nano-vfprintf.o)
                0x08003a6c                _vfprintf_r
                0x08003a6c                _vfiprintf_r
 .text._printf_common
                0x08003c98       0xec c:/program files (x86)/gnu tools arm embedded/6 2017-q2-update/bin/../lib/gcc/arm-none-eabi/6.3.1/../../../../arm-none-eabi/lib/thumb/v7e-m\libg_nano.a(lib_a-nano-vfprintf_i.o)
                0x08003c98                _printf_common
 .text._printf_i
                0x08003d84      0x240 c:/program files (x86)/gnu tools arm embedded/6 2017-q2-update/bin/../lib/gcc/arm-none-eabi/6.3.1/../../../../arm-none-eabi/lib/thumb/v7e-m\libg_nano.a(lib_a-nano-vfprintf_i.o)
                0x08003d84                _printf_i
 .text.__svfscanf_r
                0x08003fc4      0x2a8 c:/program files (x86)/gnu tools arm embedded/6 2017-q2-update/bin/../lib/gcc/arm-none-eabi/6.3.1/../../../../arm-none-eabi/lib/thumb/v7e-m\libg_nano.a(lib_a-nano-vfscanf.o)
                0x08003fc4                __svfscanf_r
                0x08003fc4                __svfiscanf_r
 .text._vfscanf_r
                0x0800426c       0x50 c:/program files (x86)/gnu tools arm embedded/6 2017-q2-update/bin/../lib/gcc/arm-none-eabi/6.3.1/../../../../arm-none-eabi/lib/thumb/v7e-m\libg_nano.a(lib_a-nano-vfscanf.o)
                0x0800426c                _vfscanf_r
                0x0800426c                _vfiscanf_r
 .text._scanf_chars
                0x080042bc       0xc8 c:/program files (x86)/gnu tools arm embedded/6 2017-q2-update/bin/../lib/gcc/arm-none-eabi/6.3.1/../../../../arm-none-eabi/lib/thumb/v7e-m\libg_nano.a(lib_a-nano-vfscanf_i.o)
                0x080042bc                _scanf_chars
 .text._scanf_i
                0x08004384      0x1e8 c:/program files (x86)/gnu tools arm embedded/6 2017-q2-update/bin/../lib/gcc/arm-none-eabi/6.3.1/../../../../arm-none-eabi/lib/thumb/v7e-m\libg_nano.a(lib_a-nano-vfscanf_i.o)
                0x08004384                _scanf_i
 .text._open_r  0x0800456c       0x24 c:/program files (x86)/gnu tools arm embedded/6 2017-q2-update/bin/../lib/gcc/arm-none-eabi/6.3.1/../../../../arm-none-eabi/lib/thumb/v7e-m\libg_nano.a(lib_a-openr.o)
                0x0800456c                _open_r
 .text.lflush   0x08004590       0x12 c:/program files (x86)/gnu tools arm embedded/6 2017-q2-update/bin/../lib/gcc/arm-none-eabi/6.3.1/../../../../arm-none-eabi/lib/thumb/v7e-m\libg_nano.a(lib_a-refill.o)
 *fill*         0x080045a2        0x2 
 .text.__srefill_r
                0x080045a4      0x114 c:/program files (x86)/gnu tools arm embedded/6 2017-q2-update/bin/../lib/gcc/arm-none-eabi/6.3.1/../../../../arm-none-eabi/lib/thumb/v7e-m\libg_nano.a(lib_a-refill.o)
                0x080045a4                __srefill_r
 .text._sbrk_r  0x080046b8       0x20 c:/program files (x86)/gnu tools arm embedded/6 2017-q2-update/bin/../lib/gcc/arm-none-eabi/6.3.1/../../../../arm-none-eabi/lib/thumb/v7e-m\libg_nano.a(lib_a-sbrkr.o)
                0x080046b8                _sbrk_r
 .text.__sccl   0x080046d8       0x60 c:/program files (x86)/gnu tools arm embedded/6 2017-q2-update/bin/../lib/gcc/arm-none-eabi/6.3.1/../../../../arm-none-eabi/lib/thumb/v7e-m\libg_nano.a(lib_a-sccl.o)
                0x080046d8                __sccl
 .text.__sread  0x08004738       0x22 c:/program files (x86)/gnu tools arm embedded/6 2017-q2-update/bin/../lib/gcc/arm-none-eabi/6.3.1/../../../../arm-none-eabi/lib/thumb/v7e-m\libg_nano.a(lib_a-stdio.o)
                0x08004738                __sread
 .text.__swrite
                0x0800475a       0x38 c:/program files (x86)/gnu tools arm embedded/6 2017-q2-update/bin/../lib/gcc/arm-none-eabi/6.3.1/../../../../arm-none-eabi/lib/thumb/v7e-m\libg_nano.a(lib_a-stdio.o)
                0x0800475a                __swrite
 .text.__sseek  0x08004792       0x24 c:/program files (x86)/gnu tools arm embedded/6 2017-q2-update/bin/../lib/gcc/arm-none-eabi/6.3.1/../../../../arm-none-eabi/lib/thumb/v7e-m\libg_nano.a(lib_a-stdio.o)
                0x08004792                __sseek
 .text.__sclose
                0x080047b6        0x8 c:/program files (x86)/gnu tools arm embedded/6 2017-q2-update/bin/../lib/gcc/arm-none-eabi/6.3.1/../../../../arm-none-eabi/lib/thumb/v7e-m\libg_nano.a(lib_a-stdio.o)
                0x080047b6                __sclose
 .text          0x080047be       0x14 c:/program files (x86)/gnu tools arm embedded/6 2017-q2-update/bin/../lib/gcc/arm-none-eabi/6.3.1/../../../../arm-none-eabi/lib/thumb/v7e-m\libg_nano.a(lib_a-strcmp.o)
                0x080047be                strcmp
 .text          0x080047d2       0x10 c:/program files (x86)/gnu tools arm embedded/6 2017-q2-update/bin/../lib/gcc/arm-none-eabi/6.3.1/../../../../arm-none-eabi/lib/thumb/v7e-m\libg_nano.a(lib_a-strlen.o)
                0x080047d2                strlen
 .text._strtol_l.isra.0
                0x080047e2      0x100 c:/program files (x86)/gnu tools arm embedded/6 2017-q2-update/bin/../lib/gcc/arm-none-eabi/6.3.1/../../../../arm-none-eabi/lib/thumb/v7e-m\libg_nano.a(lib_a-strtol.o)
 *fill*         0x080048e2        0x2 
 .text._strtol_r
                0x080048e4       0x24 c:/program files (x86)/gnu tools arm embedded/6 2017-q2-update/bin/../lib/gcc/arm-none-eabi/6.3.1/../../../../arm-none-eabi/lib/thumb/v7e-m\libg_nano.a(lib_a-strtol.o)
                0x080048e4                _strtol_r
 .text._strtoul_l.isra.0
                0x08004908       0xfa c:/program files (x86)/gnu tools arm embedded/6 2017-q2-update/bin/../lib/gcc/arm-none-eabi/6.3.1/../../../../arm-none-eabi/lib/thumb/v7e-m\libg_nano.a(lib_a-strtoul.o)
 *fill*         0x08004a02        0x2 
 .text._strtoul_r
                0x08004a04       0x24 c:/program files (x86)/gnu tools arm embedded/6 2017-q2-update/bin/../lib/gcc/arm-none-eabi/6.3.1/../../../../arm-none-eabi/lib/thumb/v7e-m\libg_nano.a(lib_a-strtoul.o)
                0x08004a04                _strtoul_r
 .text.__submore
                0x08004a28       0x76 c:/program files (x86)/gnu tools arm embedded/6 2017-q2-update/bin/../lib/gcc/arm-none-eabi/6.3.1/../../../../arm-none-eabi/lib/thumb/v7e-m\libg_nano.a(lib_a-ungetc.o)
                0x08004a28                __submore
 *fill*         0x08004a9e        0x2 
 .text._ungetc_r
                0x08004aa0       0xe4 c:/program files (x86)/gnu tools arm embedded/6 2017-q2-update/bin/../lib/gcc/arm-none-eabi/6.3.1/../../../../arm-none-eabi/lib/thumb/v7e-m\libg_nano.a(lib_a-ungetc.o)
                0x08004aa0                _ungetc_r
 .text._vsnprintf_r
                0x08004b84       0x58 c:/program files (x86)/gnu tools arm embedded/6 2017-q2-update/bin/../lib/gcc/arm-none-eabi/6.3.1/../../../../arm-none-eabi/lib/thumb/v7e-m\libg_nano.a(lib_a-vsnprintf.o)
                0x08004b84                _vsniprintf_r
                0x08004b84                _vsnprintf_r
 .text.vsnprintf
                0x08004bdc       0x1c c:/program files (x86)/gnu tools arm embedded/6 2017-q2-update/bin/../lib/gcc/arm-none-eabi/6.3.1/../../../../arm-none-eabi/lib/thumb/v7e-m\libg_nano.a(lib_a-vsnprintf.o)
                0x08004bdc                vsniprintf
                0x08004bdc                vsnprintf
 .text.__swbuf_r
                0x08004bf8       0xa4 c:/program files (x86)/gnu tools arm embedded/6 2017-q2-update/bin/../lib/gcc/arm-none-eabi/6.3.1/../../../../arm-none-eabi/lib/thumb/v7e-m\libg_nano.a(lib_a-wbuf.o)
                0x08004bf8                __swbuf_r
 .text.__ascii_wctomb
                0x08004c9c       0x1a c:/program files (x86)/gnu tools arm embedded/6 2017-q2-update/bin/../lib/gcc/arm-none-eabi/6.3.1/../../../../arm-none-eabi/lib/thumb/v7e-m\libg_nano.a(lib_a-wctomb_r.o)
                0x08004c9c                __ascii_wctomb
 *fill*         0x08004cb6        0x2 
 .text._write_r
                0x08004cb8       0x24 c:/program files (x86)/gnu tools arm embedded/6 2017-q2-update/bin/../lib/gcc/arm-none-eabi/6.3.1/../../../../arm-none-eabi/lib/thumb/v7e-m\libg_nano.a(lib_a-writer.o)
                0x08004cb8                _write_r
 .text.__swsetup_r
                0x08004cdc       0xdc c:/program files (x86)/gnu tools arm embedded/6 2017-q2-update/bin/../lib/gcc/arm-none-eabi/6.3.1/../../../../arm-none-eabi/lib/thumb/v7e-m\libg_nano.a(lib_a-wsetup.o)
                0x08004cdc                __swsetup_r
 .text._close_r
                0x08004db8       0x20 c:/program files (x86)/gnu tools arm embedded/6 2017-q2-update/bin/../lib/gcc/arm-none-eabi/6.3.1/../../../../arm-none-eabi/lib/thumb/v7e-m\libg_nano.a(lib_a-closer.o)
                0x08004db8                _close_r
 .text.__sflags
                0x08004dd8       0x6a c:/program files (x86)/gnu tools arm embedded/6 2017-q2-update/bin/../lib/gcc/arm-none-eabi/6.3.1/../../../../arm-none-eabi/lib/thumb/v7e-m\libg_nano.a(lib_a-flags.o)
                0x08004dd8                __sflags
 *fill*         0x08004e42        0x2 
 .text._fstat_r
                0x08004e44       0x24 c:/program files (x86)/gnu tools arm embedded/6 2017-q2-update/bin/../lib/gcc/arm-none-eabi/6.3.1/../../../../arm-none-eabi/lib/thumb/v7e-m\libg_nano.a(lib_a-fstatr.o)
                0x08004e44                _fstat_r
 .text._isatty_r
                0x08004e68       0x20 c:/program files (x86)/gnu tools arm embedded/6 2017-q2-update/bin/../lib/gcc/arm-none-eabi/6.3.1/../../../../arm-none-eabi/lib/thumb/v7e-m\libg_nano.a(lib_a-isattyr.o)
                0x08004e68                _isatty_r
 .text._lseek_r
                0x08004e88       0x24 c:/program files (x86)/gnu tools arm embedded/6 2017-q2-update/bin/../lib/gcc/arm-none-eabi/6.3.1/../../../../arm-none-eabi/lib/thumb/v7e-m\libg_nano.a(lib_a-lseekr.o)
                0x08004e88                _lseek_r
 *fill*         0x08004eac        0x4 
 .text          0x08004eb0       0xa0 c:/program files (x86)/gnu tools arm embedded/6 2017-q2-update/bin/../lib/gcc/arm-none-eabi/6.3.1/../../../../arm-none-eabi/lib/thumb/v7e-m\libg_nano.a(lib_a-memchr.o)
                0x08004eb0                memchr
 .text.memmove  0x08004f50       0x34 c:/program files (x86)/gnu tools arm embedded/6 2017-q2-update/bin/../lib/gcc/arm-none-eabi/6.3.1/../../../../arm-none-eabi/lib/thumb/v7e-m\libg_nano.a(lib_a-memmove.o)
                0x08004f50                memmove
 .text.__malloc_lock
                0x08004f84        0x2 c:/program files (x86)/gnu tools arm embedded/6 2017-q2-update/bin/../lib/gcc/arm-none-eabi/6.3.1/../../../../arm-none-eabi/lib/thumb/v7e-m\libg_nano.a(lib_a-mlock.o)
                0x08004f84                __malloc_lock
 .text.__malloc_unlock
                0x08004f86        0x2 c:/program files (x86)/gnu tools arm embedded/6 2017-q2-update/bin/../lib/gcc/arm-none-eabi/6.3.1/../../../../arm-none-eabi/lib/thumb/v7e-m\libg_nano.a(lib_a-mlock.o)
                0x08004f86                __malloc_unlock
 .text._realloc_r
                0x08004f88       0x4c c:/program files (x86)/gnu tools arm embedded/6 2017-q2-update/bin/../lib/gcc/arm-none-eabi/6.3.1/../../../../arm-none-eabi/lib/thumb/v7e-m\libg_nano.a(lib_a-nano-reallocr.o)
                0x08004f88                _realloc_r
 .text.__ssputs_r
                0x08004fd4       0xb6 c:/program files (x86)/gnu tools arm embedded/6 2017-q2-update/bin/../lib/gcc/arm-none-eabi/6.3.1/../../../../arm-none-eabi/lib/thumb/v7e-m\libg_nano.a(lib_a-nano-svfprintf.o)
                0x08004fd4                __ssputs_r
 *fill*         0x0800508a        0x2 
 .text._svfprintf_r
                0x0800508c      0x1e8 c:/program files (x86)/gnu tools arm embedded/6 2017-q2-update/bin/../lib/gcc/arm-none-eabi/6.3.1/../../../../arm-none-eabi/lib/thumb/v7e-m\libg_nano.a(lib_a-nano-svfprintf.o)
                0x0800508c                _svfiprintf_r
                0x0800508c                _svfprintf_r
 .text._read_r  0x08005274       0x24 c:/program files (x86)/gnu tools arm embedded/6 2017-q2-update/bin/../lib/gcc/arm-none-eabi/6.3.1/../../../../arm-none-eabi/lib/thumb/v7e-m\libg_nano.a(lib_a-readr.o)
                0x08005274                _read_r
 .text._malloc_usable_size_r
                0x08005298       0x12 c:/program files (x86)/gnu tools arm embedded/6 2017-q2-update/bin/../lib/gcc/arm-none-eabi/6.3.1/../../../../arm-none-eabi/lib/thumb/v7e-m\libg_nano.a(lib_a-nano-msizer.o)
                0x08005298                _malloc_usable_size_r
 *(.rodata .rodata.* .constdata .constdata.*)
 *fill*         0x080052aa        0x2 
 .rodata.flagBitshiftOffset.8391
                0x080052ac        0x8 ./system/src/stm32f7xx/stm32f7xx_hal_dma.o
 .rodata.initialise_monitor_handles.str1.4
                0x080052b4        0x4 ./system/src/newlib/_syscalls.o
 .rodata.dumpExceptionStack.str1.4
                0x080052b8      0x11a ./system/src/cortexm/exception_handlers.o
 .rodata.isSemihosting.str1.4
                0x080053d2        0x4 ./system/src/cortexm/exception_handlers.o
 *fill*         0x080053d2        0x2 
 .rodata.str1.4
                0x080053d4       0x2a ./system/src/cortexm/exception_handlers.o
 *fill*         0x080053fe        0x2 
 .rodata.AHBPrescTable
                0x08005400       0x10 ./system/src/cmsis/system_stm32f7xx.o
                0x08005400                AHBPrescTable
 .rodata.MX_TIM2_Init.str1.4
                0x08005410        0xe ./src/main.o
 *fill*         0x0800541e        0x2 
 .rodata.fetch_matlab_input.str1.4
                0x08005420       0x35 ./src/main.o
 *fill*         0x08005455        0x3 
 .rodata.print_csv_data.str1.4
                0x08005458       0x34 ./src/main.o
 .rodata.print_csv_fs.str1.4
                0x0800548c       0x26 ./src/main.o
 *fill*         0x080054b2        0x2 
 .rodata.HAL_ADC_MspInit.str1.4
                0x080054b4       0x1c ./src/stm32f7xx_hal_msp.o
                                 0x1b (size before relaxing)
 .rodata.__sf_fake_stderr
                0x080054d0       0x20 c:/program files (x86)/gnu tools arm embedded/6 2017-q2-update/bin/../lib/gcc/arm-none-eabi/6.3.1/../../../../arm-none-eabi/lib/thumb/v7e-m\libg_nano.a(lib_a-findfp.o)
                0x080054d0                __sf_fake_stderr
 .rodata.__sf_fake_stdin
                0x080054f0       0x20 c:/program files (x86)/gnu tools arm embedded/6 2017-q2-update/bin/../lib/gcc/arm-none-eabi/6.3.1/../../../../arm-none-eabi/lib/thumb/v7e-m\libg_nano.a(lib_a-findfp.o)
                0x080054f0                __sf_fake_stdin
 .rodata.__sf_fake_stdout
                0x08005510       0x20 c:/program files (x86)/gnu tools arm embedded/6 2017-q2-update/bin/../lib/gcc/arm-none-eabi/6.3.1/../../../../arm-none-eabi/lib/thumb/v7e-m\libg_nano.a(lib_a-findfp.o)
                0x08005510                __sf_fake_stdout
 .rodata._global_impure_ptr
                0x08005530        0x4 c:/program files (x86)/gnu tools arm embedded/6 2017-q2-update/bin/../lib/gcc/arm-none-eabi/6.3.1/../../../../arm-none-eabi/lib/thumb/v7e-m\libg_nano.a(lib_a-impure.o)
                0x08005530                _global_impure_ptr
 .rodata._setlocale_r.str1.1
                0x08005534        0x8 c:/program files (x86)/gnu tools arm embedded/6 2017-q2-update/bin/../lib/gcc/arm-none-eabi/6.3.1/../../../../arm-none-eabi/lib/thumb/v7e-m\libg_nano.a(lib_a-locale.o)
                                  0x9 (size before relaxing)
 .rodata.str1.1
                0x0800553c        0x2 c:/program files (x86)/gnu tools arm embedded/6 2017-q2-update/bin/../lib/gcc/arm-none-eabi/6.3.1/../../../../arm-none-eabi/lib/thumb/v7e-m\libg_nano.a(lib_a-locale.o)
 .rodata._vfprintf_r.str1.1
                0x0800553e       0x11 c:/program files (x86)/gnu tools arm embedded/6 2017-q2-update/bin/../lib/gcc/arm-none-eabi/6.3.1/../../../../arm-none-eabi/lib/thumb/v7e-m\libg_nano.a(lib_a-nano-vfprintf.o)
 .rodata._printf_i.str1.1
                0x0800554f       0x22 c:/program files (x86)/gnu tools arm embedded/6 2017-q2-update/bin/../lib/gcc/arm-none-eabi/6.3.1/../../../../arm-none-eabi/lib/thumb/v7e-m\libg_nano.a(lib_a-nano-vfprintf_i.o)
 .rodata.__svfscanf_r.str1.1
                0x08005571        0x4 c:/program files (x86)/gnu tools arm embedded/6 2017-q2-update/bin/../lib/gcc/arm-none-eabi/6.3.1/../../../../arm-none-eabi/lib/thumb/v7e-m\libg_nano.a(lib_a-nano-vfscanf.o)
 *fill*         0x08005571        0x3 
 .rodata        0x08005574        0xc c:/program files (x86)/gnu tools arm embedded/6 2017-q2-update/bin/../lib/gcc/arm-none-eabi/6.3.1/../../../../arm-none-eabi/lib/thumb/v7e-m\libg_nano.a(lib_a-nano-vfscanf_i.o)
 .rodata._scanf_i.str1.1
                0x08005580       0x12 c:/program files (x86)/gnu tools arm embedded/6 2017-q2-update/bin/../lib/gcc/arm-none-eabi/6.3.1/../../../../arm-none-eabi/lib/thumb/v7e-m\libg_nano.a(lib_a-nano-vfscanf_i.o)
 .rodata.str1.1
                0x08005592        0x9 c:/program files (x86)/gnu tools arm embedded/6 2017-q2-update/bin/../lib/gcc/arm-none-eabi/6.3.1/../../../../arm-none-eabi/lib/thumb/v7e-m\libg_nano.a(lib_a-nano-vfscanf_i.o)
 .rodata._ctype_
                0x0800559b      0x101 c:/program files (x86)/gnu tools arm embedded/6 2017-q2-update/bin/../lib/gcc/arm-none-eabi/6.3.1/../../../../arm-none-eabi/lib/thumb/v7e-m\libg_nano.a(lib_a-ctype_.o)
                0x0800559b                _ctype_
 .rodata._svfprintf_r.str1.1
                0x0800569c       0x11 c:/program files (x86)/gnu tools arm embedded/6 2017-q2-update/bin/../lib/gcc/arm-none-eabi/6.3.1/../../../../arm-none-eabi/lib/thumb/v7e-m\libg_nano.a(lib_a-nano-svfprintf.o)
 *(vtable)
 *(.eh_frame*)
 *(.glue_7)
 .glue_7        0x0800569c        0x0 linker stubs
 *(.glue_7t)
 .glue_7t       0x0800569c        0x0 linker stubs

.vfp11_veneer   0x0800569c        0x0
 .vfp11_veneer  0x0800569c        0x0 linker stubs

.v4_bx          0x0800569c        0x0
 .v4_bx         0x0800569c        0x0 linker stubs

.iplt           0x0800569c        0x0
 .iplt          0x0800569c        0x0 ./system/src/stm32f7xx/stm32f7xx_hal.o

.rel.dyn        0x0800569c        0x0
 .rel.iplt      0x0800569c        0x0 ./system/src/stm32f7xx/stm32f7xx_hal.o

.ARM.extab
 *(.ARM.extab* .gnu.linkonce.armextab.*)
                0x0800569c                . = ALIGN (0x4)
                0x0800569c                __exidx_start = .

.ARM.exidx
 *(.ARM.exidx* .gnu.linkonce.armexidx.*)
                0x0800569c                __exidx_end = .
                0x0800569c                . = ALIGN (0x4)
                0x0800569c                _etext = .
                0x0800569c                __etext = .

.data_CCMRAM    0x10000000        0x0 load address 0x0800569c
 FILL mask 0xff
 *(.data.CCMRAM .data.CCMRAM.*)
                0x10000000                . = ALIGN (0x4)
                0x0800569c                _sidata = LOADADDR (.data)

.data           0x20000000      0x1dc load address 0x0800569c
 FILL mask 0xff
                0x20000000                _sdata = .
                0x20000000                __data_start__ = .
 *(.data_begin .data_begin.*)
 .data_begin    0x20000000        0x4 ./system/src/newlib/_startup.o
 *(.data .data.*)
 .data.SystemCoreClock
                0x20000004        0x4 ./system/src/cmsis/system_stm32f7xx.o
                0x20000004                SystemCoreClock
 .data._impure_ptr
                0x20000008        0x4 c:/program files (x86)/gnu tools arm embedded/6 2017-q2-update/bin/../lib/gcc/arm-none-eabi/6.3.1/../../../../arm-none-eabi/lib/thumb/v7e-m\libg_nano.a(lib_a-impure.o)
                0x20000008                _impure_ptr
 .data.impure_data
                0x2000000c       0x60 c:/program files (x86)/gnu tools arm embedded/6 2017-q2-update/bin/../lib/gcc/arm-none-eabi/6.3.1/../../../../arm-none-eabi/lib/thumb/v7e-m\libg_nano.a(lib_a-impure.o)
 .data.__global_locale
                0x2000006c      0x16c c:/program files (x86)/gnu tools arm embedded/6 2017-q2-update/bin/../lib/gcc/arm-none-eabi/6.3.1/../../../../arm-none-eabi/lib/thumb/v7e-m\libg_nano.a(lib_a-locale.o)
                0x2000006c                __global_locale
 *(.data_end .data_end.*)
 .data_end      0x200001d8        0x4 ./system/src/newlib/_startup.o
                0x200001dc                . = ALIGN (0x4)
                0x200001dc                _edata = .
                0x200001dc                __data_end__ = .

.igot.plt       0x200001dc        0x0 load address 0x08005878
 .igot.plt      0x200001dc        0x0 ./system/src/stm32f7xx/stm32f7xx_hal.o

.bss_CCMRAM     0x10000000        0x0
 *(.bss.CCMRAM .bss.CCMRAM.*)

.bss            0x200001dc     0x5248
                0x200001dc                __bss_start__ = .
                0x200001dc                _sbss = .
 *(.bss_begin .bss_begin.*)
 .bss_begin     0x200001dc        0x4 ./system/src/newlib/_startup.o
 *(.bss .bss.*)
 .bss.current_heap_end.4427
                0x200001e0        0x4 ./system/src/newlib/_sbrk.o
 .bss.args_buf.6278
                0x200001e4       0x50 ./system/src/newlib/_syscalls.o
 .bss.argv_buf.6279
                0x20000234       0x28 ./system/src/newlib/_syscalls.o
 .bss.monitor_stderr
                0x2000025c        0x4 ./system/src/newlib/_syscalls.o
 .bss.monitor_stdin
                0x20000260        0x4 ./system/src/newlib/_syscalls.o
 .bss.monitor_stdout
                0x20000264        0x4 ./system/src/newlib/_syscalls.o
 .bss.openfiles
                0x20000268       0xa0 ./system/src/newlib/_syscalls.o
 .bss.buf.5632  0x20000308       0x80 ./system/src/diag/Trace.o
 .bss.ENABLE_adc
                0x20000388        0x4 ./src/main.o
                0x20000388                ENABLE_adc
 .bss.active_iBuff
                0x2000038c        0x2 ./src/main.o
                0x2000038c                active_iBuff
 *fill*         0x2000038e        0x2 
 .bss.btn_pushed
                0x20000390        0x4 ./src/main.o
                0x20000390                btn_pushed
 .bss.__malloc_free_list
                0x20000394        0x4 c:/program files (x86)/gnu tools arm embedded/6 2017-q2-update/bin/../lib/gcc/arm-none-eabi/6.3.1/../../../../arm-none-eabi/lib/thumb/v7e-m\libg_nano.a(lib_a-nano-mallocr.o)
                0x20000394                __malloc_free_list
 .bss.__malloc_sbrk_start
                0x20000398        0x4 c:/program files (x86)/gnu tools arm embedded/6 2017-q2-update/bin/../lib/gcc/arm-none-eabi/6.3.1/../../../../arm-none-eabi/lib/thumb/v7e-m\libg_nano.a(lib_a-nano-mallocr.o)
                0x20000398                __malloc_sbrk_start
 *(COMMON)
 COMMON         0x2000039c        0x4 ./system/src/stm32f7xx/stm32f7xx_hal.o
                0x2000039c                uwTick
 COMMON         0x200003a0        0x4 ./system/src/newlib/_syscalls.o
                0x200003a0                errno
 COMMON         0x200003a4     0x507a ./src/main.o
                0x200003a4                act_sig
                0x2000134c                htim8
                0x2000138c                IV
                0x200013a0                htim5
                0x200013e0                htim3
                0x20001420                hdma_dac1
                0x20001480                hadc1
                0x200014c8                rec_sigA
                0x20002470                hdac
                0x20002484                hdma_adc1
                0x200024e4                rec_sig
                0x2000348c                htim2
                0x200034cc                rec_sigB
                0x20004474                matlab_signal
                0x2000541c                value
 *(.bss_end .bss_end.*)
 *fill*         0x2000541e        0x2 
 .bss_end       0x20005420        0x4 ./system/src/newlib/_startup.o
                0x20005424                . = ALIGN (0x4)
                0x20005424                __bss_end__ = .
                0x20005424                _ebss = .

.noinit_CCMRAM
 *(.noinit.CCMRAM .noinit.CCMRAM.*)

.noinit         0x20005424        0x0
                0x20005424                _noinit = .
 *(.noinit .noinit.*)
                0x20005424                . = ALIGN (0x4)
                0x20005424                _end_noinit = .
                [!provide]                PROVIDE (end, _end_noinit)
                [!provide]                PROVIDE (_end, _end_noinit)
                [!provide]                PROVIDE (__end, _end_noinit)
                [!provide]                PROVIDE (__end__, _end_noinit)

._check_stack   0x20005424      0x100
                0x20005524                . = (. + _Minimum_Stack_Size)
 *fill*         0x20005424      0x100 

.b1text
 *(.b1text)
 *(.b1rodata)
 *(.b1rodata.*)

.eb0text
 *(.eb0text)
 *(.eb0rodata)
 *(.eb0rodata.*)

.eb1text
 *(.eb1text)
 *(.eb1rodata)
 *(.eb1rodata.*)

.eb2text
 *(.eb2text)
 *(.eb2rodata)
 *(.eb2rodata.*)

.eb3text
 *(.eb3text)
 *(.eb3rodata)
 *(.eb3rodata.*)

.stab
 *(.stab)

.stabstr
 *(.stabstr)

.stab.excl
 *(.stab.excl)

.stab.exclstr
 *(.stab.exclstr)

.stab.index
 *(.stab.index)

.stab.indexstr
 *(.stab.indexstr)

.comment        0x00000000       0x7f
 *(.comment)
 .comment       0x00000000       0x7f ./system/src/stm32f7xx/stm32f7xx_hal.o
                                 0x80 (size before relaxing)
 .comment       0x0000007f       0x80 ./system/src/stm32f7xx/stm32f7xx_hal_adc.o
 .comment       0x0000007f       0x80 ./system/src/stm32f7xx/stm32f7xx_hal_adc_ex.o
 .comment       0x0000007f       0x80 ./system/src/stm32f7xx/stm32f7xx_hal_cortex.o
 .comment       0x0000007f       0x80 ./system/src/stm32f7xx/stm32f7xx_hal_dac.o
 .comment       0x0000007f       0x80 ./system/src/stm32f7xx/stm32f7xx_hal_dac_ex.o
 .comment       0x0000007f       0x80 ./system/src/stm32f7xx/stm32f7xx_hal_dma.o
 .comment       0x0000007f       0x80 ./system/src/stm32f7xx/stm32f7xx_hal_gpio.o
 .comment       0x0000007f       0x80 ./system/src/stm32f7xx/stm32f7xx_hal_pwr_ex.o
 .comment       0x0000007f       0x80 ./system/src/stm32f7xx/stm32f7xx_hal_rcc.o
 .comment       0x0000007f       0x80 ./system/src/stm32f7xx/stm32f7xx_hal_tim.o
 .comment       0x0000007f       0x80 ./system/src/stm32f7xx/stm32f7xx_hal_tim_ex.o
 .comment       0x0000007f       0x80 ./system/src/newlib/_sbrk.o
 .comment       0x0000007f       0x80 ./system/src/newlib/_startup.o
 .comment       0x0000007f       0x80 ./system/src/newlib/_syscalls.o
 .comment       0x0000007f       0x80 ./system/src/diag/Trace.o
 .comment       0x0000007f       0x80 ./system/src/diag/trace_impl.o
 .comment       0x0000007f       0x80 ./system/src/cortexm/_initialize_hardware.o
 .comment       0x0000007f       0x80 ./system/src/cortexm/exception_handlers.o
 .comment       0x0000007f       0x80 ./system/src/cmsis/system_stm32f7xx.o
 .comment       0x0000007f       0x80 ./src/main.o
 .comment       0x0000007f       0x80 ./src/stm32f7xx_hal_msp.o
 .comment       0x0000007f       0x80 ./src/stm32f7xx_it.o

.ARM.attributes
                0x00000000       0x31
 .ARM.attributes
                0x00000000       0x33 ./system/src/stm32f7xx/stm32f7xx_hal.o
 .ARM.attributes
                0x00000033       0x33 ./system/src/stm32f7xx/stm32f7xx_hal_adc.o
 .ARM.attributes
                0x00000066       0x33 ./system/src/stm32f7xx/stm32f7xx_hal_adc_ex.o
 .ARM.attributes
                0x00000099       0x33 ./system/src/stm32f7xx/stm32f7xx_hal_cortex.o
 .ARM.attributes
                0x000000cc       0x33 ./system/src/stm32f7xx/stm32f7xx_hal_dac.o
 .ARM.attributes
                0x000000ff       0x33 ./system/src/stm32f7xx/stm32f7xx_hal_dac_ex.o
 .ARM.attributes
                0x00000132       0x33 ./system/src/stm32f7xx/stm32f7xx_hal_dma.o
 .ARM.attributes
                0x00000165       0x33 ./system/src/stm32f7xx/stm32f7xx_hal_gpio.o
 .ARM.attributes
                0x00000198       0x33 ./system/src/stm32f7xx/stm32f7xx_hal_pwr_ex.o
 .ARM.attributes
                0x000001cb       0x33 ./system/src/stm32f7xx/stm32f7xx_hal_rcc.o
 .ARM.attributes
                0x000001fe       0x33 ./system/src/stm32f7xx/stm32f7xx_hal_tim.o
 .ARM.attributes
                0x00000231       0x33 ./system/src/stm32f7xx/stm32f7xx_hal_tim_ex.o
 .ARM.attributes
                0x00000264       0x33 ./system/src/newlib/_sbrk.o
 .ARM.attributes
                0x00000297       0x33 ./system/src/newlib/_startup.o
 .ARM.attributes
                0x000002ca       0x33 ./system/src/newlib/_syscalls.o
 .ARM.attributes
                0x000002fd       0x33 ./system/src/diag/Trace.o
 .ARM.attributes
                0x00000330       0x33 ./system/src/diag/trace_impl.o
 .ARM.attributes
                0x00000363       0x33 ./system/src/cortexm/_initialize_hardware.o
 .ARM.attributes
                0x00000396       0x33 ./system/src/cortexm/exception_handlers.o
 .ARM.attributes
                0x000003c9       0x21 ./system/src/cmsis/startup_stm32f746xx.o
 .ARM.attributes
                0x000003ea       0x33 ./system/src/cmsis/system_stm32f7xx.o
 .ARM.attributes
                0x0000041d       0x33 ./src/main.o
 .ARM.attributes
                0x00000450       0x33 ./src/stm32f7xx_hal_msp.o
 .ARM.attributes
                0x00000483       0x33 ./src/stm32f7xx_it.o
 .ARM.attributes
                0x000004b6       0x2e c:/program files (x86)/gnu tools arm embedded/6 2017-q2-update/bin/../lib/gcc/arm-none-eabi/6.3.1/../../../../arm-none-eabi/lib/thumb/v7e-m\libg_nano.a(lib_a-errno.o)
 .ARM.attributes
                0x000004e4       0x2e c:/program files (x86)/gnu tools arm embedded/6 2017-q2-update/bin/../lib/gcc/arm-none-eabi/6.3.1/../../../../arm-none-eabi/lib/thumb/v7e-m\libg_nano.a(lib_a-fclose.o)
 .ARM.attributes
                0x00000512       0x2e c:/program files (x86)/gnu tools arm embedded/6 2017-q2-update/bin/../lib/gcc/arm-none-eabi/6.3.1/../../../../arm-none-eabi/lib/thumb/v7e-m\libg_nano.a(lib_a-fflush.o)
 .ARM.attributes
                0x00000540       0x2e c:/program files (x86)/gnu tools arm embedded/6 2017-q2-update/bin/../lib/gcc/arm-none-eabi/6.3.1/../../../../arm-none-eabi/lib/thumb/v7e-m\libg_nano.a(lib_a-findfp.o)
 .ARM.attributes
                0x0000056e       0x2e c:/program files (x86)/gnu tools arm embedded/6 2017-q2-update/bin/../lib/gcc/arm-none-eabi/6.3.1/../../../../arm-none-eabi/lib/thumb/v7e-m\libg_nano.a(lib_a-fopen.o)
 .ARM.attributes
                0x0000059c       0x2e c:/program files (x86)/gnu tools arm embedded/6 2017-q2-update/bin/../lib/gcc/arm-none-eabi/6.3.1/../../../../arm-none-eabi/lib/thumb/v7e-m\libg_nano.a(lib_a-fprintf.o)
 .ARM.attributes
                0x000005ca       0x2e c:/program files (x86)/gnu tools arm embedded/6 2017-q2-update/bin/../lib/gcc/arm-none-eabi/6.3.1/../../../../arm-none-eabi/lib/thumb/v7e-m\libg_nano.a(lib_a-fscanf.o)
 .ARM.attributes
                0x000005f8       0x2e c:/program files (x86)/gnu tools arm embedded/6 2017-q2-update/bin/../lib/gcc/arm-none-eabi/6.3.1/../../../../arm-none-eabi/lib/thumb/v7e-m\libg_nano.a(lib_a-fseek.o)
 .ARM.attributes
                0x00000626       0x2e c:/program files (x86)/gnu tools arm embedded/6 2017-q2-update/bin/../lib/gcc/arm-none-eabi/6.3.1/../../../../arm-none-eabi/lib/thumb/v7e-m\libg_nano.a(lib_a-fseeko.o)
 .ARM.attributes
                0x00000654       0x2e c:/program files (x86)/gnu tools arm embedded/6 2017-q2-update/bin/../lib/gcc/arm-none-eabi/6.3.1/../../../../arm-none-eabi/lib/thumb/v7e-m\libg_nano.a(lib_a-fwalk.o)
 .ARM.attributes
                0x00000682       0x2e c:/program files (x86)/gnu tools arm embedded/6 2017-q2-update/bin/../lib/gcc/arm-none-eabi/6.3.1/../../../../arm-none-eabi/lib/thumb/v7e-m\libg_nano.a(lib_a-impure.o)
 .ARM.attributes
                0x000006b0       0x2e c:/program files (x86)/gnu tools arm embedded/6 2017-q2-update/bin/../lib/gcc/arm-none-eabi/6.3.1/../../../../arm-none-eabi/lib/thumb/v7e-m\libg_nano.a(lib_a-locale.o)
 .ARM.attributes
                0x000006de       0x2e c:/program files (x86)/gnu tools arm embedded/6 2017-q2-update/bin/../lib/gcc/arm-none-eabi/6.3.1/../../../../arm-none-eabi/lib/thumb/v7e-m\libg_nano.a(lib_a-makebuf.o)
 .ARM.attributes
                0x0000070c       0x2e c:/program files (x86)/gnu tools arm embedded/6 2017-q2-update/bin/../lib/gcc/arm-none-eabi/6.3.1/../../../../arm-none-eabi/lib/thumb/v7e-m\libg_nano.a(lib_a-mbtowc_r.o)
 .ARM.attributes
                0x0000073a       0x2e c:/program files (x86)/gnu tools arm embedded/6 2017-q2-update/bin/../lib/gcc/arm-none-eabi/6.3.1/../../../../arm-none-eabi/lib/thumb/v7e-m\libg_nano.a(lib_a-memcpy-stub.o)
 .ARM.attributes
                0x00000768       0x2e c:/program files (x86)/gnu tools arm embedded/6 2017-q2-update/bin/../lib/gcc/arm-none-eabi/6.3.1/../../../../arm-none-eabi/lib/thumb/v7e-m\libg_nano.a(lib_a-memset.o)
 .ARM.attributes
                0x00000796       0x2e c:/program files (x86)/gnu tools arm embedded/6 2017-q2-update/bin/../lib/gcc/arm-none-eabi/6.3.1/../../../../arm-none-eabi/lib/thumb/v7e-m\libg_nano.a(lib_a-nano-freer.o)
 .ARM.attributes
                0x000007c4       0x2e c:/program files (x86)/gnu tools arm embedded/6 2017-q2-update/bin/../lib/gcc/arm-none-eabi/6.3.1/../../../../arm-none-eabi/lib/thumb/v7e-m\libg_nano.a(lib_a-nano-mallocr.o)
 .ARM.attributes
                0x000007f2       0x2e c:/program files (x86)/gnu tools arm embedded/6 2017-q2-update/bin/../lib/gcc/arm-none-eabi/6.3.1/../../../../arm-none-eabi/lib/thumb/v7e-m\libg_nano.a(lib_a-nano-vfprintf.o)
 .ARM.attributes
                0x00000820       0x2e c:/program files (x86)/gnu tools arm embedded/6 2017-q2-update/bin/../lib/gcc/arm-none-eabi/6.3.1/../../../../arm-none-eabi/lib/thumb/v7e-m\libg_nano.a(lib_a-nano-vfprintf_i.o)
 .ARM.attributes
                0x0000084e       0x2e c:/program files (x86)/gnu tools arm embedded/6 2017-q2-update/bin/../lib/gcc/arm-none-eabi/6.3.1/../../../../arm-none-eabi/lib/thumb/v7e-m\libg_nano.a(lib_a-nano-vfscanf.o)
 .ARM.attributes
                0x0000087c       0x2e c:/program files (x86)/gnu tools arm embedded/6 2017-q2-update/bin/../lib/gcc/arm-none-eabi/6.3.1/../../../../arm-none-eabi/lib/thumb/v7e-m\libg_nano.a(lib_a-nano-vfscanf_i.o)
 .ARM.attributes
                0x000008aa       0x2e c:/program files (x86)/gnu tools arm embedded/6 2017-q2-update/bin/../lib/gcc/arm-none-eabi/6.3.1/../../../../arm-none-eabi/lib/thumb/v7e-m\libg_nano.a(lib_a-openr.o)
 .ARM.attributes
                0x000008d8       0x2e c:/program files (x86)/gnu tools arm embedded/6 2017-q2-update/bin/../lib/gcc/arm-none-eabi/6.3.1/../../../../arm-none-eabi/lib/thumb/v7e-m\libg_nano.a(lib_a-refill.o)
 .ARM.attributes
                0x00000906       0x2e c:/program files (x86)/gnu tools arm embedded/6 2017-q2-update/bin/../lib/gcc/arm-none-eabi/6.3.1/../../../../arm-none-eabi/lib/thumb/v7e-m\libg_nano.a(lib_a-sbrkr.o)
 .ARM.attributes
                0x00000934       0x2e c:/program files (x86)/gnu tools arm embedded/6 2017-q2-update/bin/../lib/gcc/arm-none-eabi/6.3.1/../../../../arm-none-eabi/lib/thumb/v7e-m\libg_nano.a(lib_a-sccl.o)
 .ARM.attributes
                0x00000962       0x2e c:/program files (x86)/gnu tools arm embedded/6 2017-q2-update/bin/../lib/gcc/arm-none-eabi/6.3.1/../../../../arm-none-eabi/lib/thumb/v7e-m\libg_nano.a(lib_a-stdio.o)
 .ARM.attributes
                0x00000990       0x1c c:/program files (x86)/gnu tools arm embedded/6 2017-q2-update/bin/../lib/gcc/arm-none-eabi/6.3.1/../../../../arm-none-eabi/lib/thumb/v7e-m\libg_nano.a(lib_a-strcmp.o)
 .ARM.attributes
                0x000009ac       0x17 c:/program files (x86)/gnu tools arm embedded/6 2017-q2-update/bin/../lib/gcc/arm-none-eabi/6.3.1/../../../../arm-none-eabi/lib/thumb/v7e-m\libg_nano.a(lib_a-strlen.o)
 .ARM.attributes
                0x000009c3       0x2e c:/program files (x86)/gnu tools arm embedded/6 2017-q2-update/bin/../lib/gcc/arm-none-eabi/6.3.1/../../../../arm-none-eabi/lib/thumb/v7e-m\libg_nano.a(lib_a-strtol.o)
 .ARM.attributes
                0x000009f1       0x2e c:/program files (x86)/gnu tools arm embedded/6 2017-q2-update/bin/../lib/gcc/arm-none-eabi/6.3.1/../../../../arm-none-eabi/lib/thumb/v7e-m\libg_nano.a(lib_a-strtoul.o)
 .ARM.attributes
                0x00000a1f       0x2e c:/program files (x86)/gnu tools arm embedded/6 2017-q2-update/bin/../lib/gcc/arm-none-eabi/6.3.1/../../../../arm-none-eabi/lib/thumb/v7e-m\libg_nano.a(lib_a-ungetc.o)
 .ARM.attributes
                0x00000a4d       0x2e c:/program files (x86)/gnu tools arm embedded/6 2017-q2-update/bin/../lib/gcc/arm-none-eabi/6.3.1/../../../../arm-none-eabi/lib/thumb/v7e-m\libg_nano.a(lib_a-vsnprintf.o)
 .ARM.attributes
                0x00000a7b       0x2e c:/program files (x86)/gnu tools arm embedded/6 2017-q2-update/bin/../lib/gcc/arm-none-eabi/6.3.1/../../../../arm-none-eabi/lib/thumb/v7e-m\libg_nano.a(lib_a-wbuf.o)
 .ARM.attributes
                0x00000aa9       0x2e c:/program files (x86)/gnu tools arm embedded/6 2017-q2-update/bin/../lib/gcc/arm-none-eabi/6.3.1/../../../../arm-none-eabi/lib/thumb/v7e-m\libg_nano.a(lib_a-wctomb_r.o)
 .ARM.attributes
                0x00000ad7       0x2e c:/program files (x86)/gnu tools arm embedded/6 2017-q2-update/bin/../lib/gcc/arm-none-eabi/6.3.1/../../../../arm-none-eabi/lib/thumb/v7e-m\libg_nano.a(lib_a-writer.o)
 .ARM.attributes
                0x00000b05       0x2e c:/program files (x86)/gnu tools arm embedded/6 2017-q2-update/bin/../lib/gcc/arm-none-eabi/6.3.1/../../../../arm-none-eabi/lib/thumb/v7e-m\libg_nano.a(lib_a-wsetup.o)
 .ARM.attributes
                0x00000b33       0x2e c:/program files (x86)/gnu tools arm embedded/6 2017-q2-update/bin/../lib/gcc/arm-none-eabi/6.3.1/../../../../arm-none-eabi/lib/thumb/v7e-m\libg_nano.a(lib_a-closer.o)
 .ARM.attributes
                0x00000b61       0x2e c:/program files (x86)/gnu tools arm embedded/6 2017-q2-update/bin/../lib/gcc/arm-none-eabi/6.3.1/../../../../arm-none-eabi/lib/thumb/v7e-m\libg_nano.a(lib_a-ctype_.o)
 .ARM.attributes
                0x00000b8f       0x2e c:/program files (x86)/gnu tools arm embedded/6 2017-q2-update/bin/../lib/gcc/arm-none-eabi/6.3.1/../../../../arm-none-eabi/lib/thumb/v7e-m\libg_nano.a(lib_a-flags.o)
 .ARM.attributes
                0x00000bbd       0x2e c:/program files (x86)/gnu tools arm embedded/6 2017-q2-update/bin/../lib/gcc/arm-none-eabi/6.3.1/../../../../arm-none-eabi/lib/thumb/v7e-m\libg_nano.a(lib_a-fstatr.o)
 .ARM.attributes
                0x00000beb       0x2e c:/program files (x86)/gnu tools arm embedded/6 2017-q2-update/bin/../lib/gcc/arm-none-eabi/6.3.1/../../../../arm-none-eabi/lib/thumb/v7e-m\libg_nano.a(lib_a-isattyr.o)
 .ARM.attributes
                0x00000c19       0x2e c:/program files (x86)/gnu tools arm embedded/6 2017-q2-update/bin/../lib/gcc/arm-none-eabi/6.3.1/../../../../arm-none-eabi/lib/thumb/v7e-m\libg_nano.a(lib_a-lseekr.o)
 .ARM.attributes
                0x00000c47       0x1c c:/program files (x86)/gnu tools arm embedded/6 2017-q2-update/bin/../lib/gcc/arm-none-eabi/6.3.1/../../../../arm-none-eabi/lib/thumb/v7e-m\libg_nano.a(lib_a-memchr.o)
 .ARM.attributes
                0x00000c63       0x2e c:/program files (x86)/gnu tools arm embedded/6 2017-q2-update/bin/../lib/gcc/arm-none-eabi/6.3.1/../../../../arm-none-eabi/lib/thumb/v7e-m\libg_nano.a(lib_a-memmove.o)
 .ARM.attributes
                0x00000c91       0x2e c:/program files (x86)/gnu tools arm embedded/6 2017-q2-update/bin/../lib/gcc/arm-none-eabi/6.3.1/../../../../arm-none-eabi/lib/thumb/v7e-m\libg_nano.a(lib_a-mlock.o)
 .ARM.attributes
                0x00000cbf       0x2e c:/program files (x86)/gnu tools arm embedded/6 2017-q2-update/bin/../lib/gcc/arm-none-eabi/6.3.1/../../../../arm-none-eabi/lib/thumb/v7e-m\libg_nano.a(lib_a-nano-reallocr.o)
 .ARM.attributes
                0x00000ced       0x2e c:/program files (x86)/gnu tools arm embedded/6 2017-q2-update/bin/../lib/gcc/arm-none-eabi/6.3.1/../../../../arm-none-eabi/lib/thumb/v7e-m\libg_nano.a(lib_a-nano-svfprintf.o)
 .ARM.attributes
                0x00000d1b       0x2e c:/program files (x86)/gnu tools arm embedded/6 2017-q2-update/bin/../lib/gcc/arm-none-eabi/6.3.1/../../../../arm-none-eabi/lib/thumb/v7e-m\libg_nano.a(lib_a-readr.o)
 .ARM.attributes
                0x00000d49       0x2e c:/program files (x86)/gnu tools arm embedded/6 2017-q2-update/bin/../lib/gcc/arm-none-eabi/6.3.1/../../../../arm-none-eabi/lib/thumb/v7e-m\libg_nano.a(lib_a-nano-msizer.o)

.debug
 *(.debug)

.line
 *(.line)

.debug_srcinfo
 *(.debug_srcinfo)

.debug_sfnames
 *(.debug_sfnames)

.debug_aranges  0x00000000      0xfb8
 *(.debug_aranges)
 .debug_aranges
                0x00000000       0xe8 ./system/src/stm32f7xx/stm32f7xx_hal.o
 .debug_aranges
                0x000000e8       0xe8 ./system/src/stm32f7xx/stm32f7xx_hal_adc.o
 .debug_aranges
                0x000001d0       0x90 ./system/src/stm32f7xx/stm32f7xx_hal_adc_ex.o
 .debug_aranges
                0x00000260       0xa8 ./system/src/stm32f7xx/stm32f7xx_hal_cortex.o
 .debug_aranges
                0x00000308       0xc0 ./system/src/stm32f7xx/stm32f7xx_hal_dac.o
 .debug_aranges
                0x000003c8       0x70 ./system/src/stm32f7xx/stm32f7xx_hal_dac_ex.o
 .debug_aranges
                0x00000438       0x90 ./system/src/stm32f7xx/stm32f7xx_hal_dma.o
 .debug_aranges
                0x000004c8       0x58 ./system/src/stm32f7xx/stm32f7xx_hal_gpio.o
 .debug_aranges
                0x00000520       0x80 ./system/src/stm32f7xx/stm32f7xx_hal_pwr_ex.o
 .debug_aranges
                0x000005a0       0x88 ./system/src/stm32f7xx/stm32f7xx_hal_rcc.o
 .debug_aranges
                0x00000628      0x368 ./system/src/stm32f7xx/stm32f7xx_hal_tim.o
 .debug_aranges
                0x00000990      0x170 ./system/src/stm32f7xx/stm32f7xx_hal_tim_ex.o
 .debug_aranges
                0x00000b00       0x20 ./system/src/newlib/_sbrk.o
 .debug_aranges
                0x00000b20       0x40 ./system/src/newlib/_startup.o
 .debug_aranges
                0x00000b60      0x120 ./system/src/newlib/_syscalls.o
 .debug_aranges
                0x00000c80       0x38 ./system/src/diag/Trace.o
 .debug_aranges
                0x00000cb8       0x30 ./system/src/diag/trace_impl.o
 .debug_aranges
                0x00000ce8       0x28 ./system/src/cortexm/_initialize_hardware.o
 .debug_aranges
                0x00000d10       0x90 ./system/src/cortexm/exception_handlers.o
 .debug_aranges
                0x00000da0       0x28 ./system/src/cmsis/startup_stm32f746xx.o
 .debug_aranges
                0x00000dc8       0x28 ./system/src/cmsis/system_stm32f7xx.o
 .debug_aranges
                0x00000df0      0x130 ./src/main.o
 .debug_aranges
                0x00000f20       0x50 ./src/stm32f7xx_hal_msp.o
 .debug_aranges
                0x00000f70       0x48 ./src/stm32f7xx_it.o

.debug_pubnames
 *(.debug_pubnames)

.debug_info     0x00000000    0x1cc9b
 *(.debug_info .gnu.linkonce.wi.*)
 .debug_info    0x00000000     0x11ae ./system/src/stm32f7xx/stm32f7xx_hal.o
 .debug_info    0x000011ae     0x1584 ./system/src/stm32f7xx/stm32f7xx_hal_adc.o
 .debug_info    0x00002732     0x1381 ./system/src/stm32f7xx/stm32f7xx_hal_adc_ex.o
 .debug_info    0x00003ab3     0x197c ./system/src/stm32f7xx/stm32f7xx_hal_cortex.o
 .debug_info    0x0000542f     0x12f6 ./system/src/stm32f7xx/stm32f7xx_hal_dac.o
 .debug_info    0x00006725      0xfc8 ./system/src/stm32f7xx/stm32f7xx_hal_dac_ex.o
 .debug_info    0x000076ed     0x127e ./system/src/stm32f7xx/stm32f7xx_hal_dma.o
 .debug_info    0x0000896b      0xfbe ./system/src/stm32f7xx/stm32f7xx_hal_gpio.o
 .debug_info    0x00009929     0x1250 ./system/src/stm32f7xx/stm32f7xx_hal_pwr_ex.o
 .debug_info    0x0000ab79     0x1267 ./system/src/stm32f7xx/stm32f7xx_hal_rcc.o
 .debug_info    0x0000bde0     0x3708 ./system/src/stm32f7xx/stm32f7xx_hal_tim.o
 .debug_info    0x0000f4e8     0x1eca ./system/src/stm32f7xx/stm32f7xx_hal_tim_ex.o
 .debug_info    0x000113b2      0x949 ./system/src/newlib/_sbrk.o
 .debug_info    0x00011cfb      0x440 ./system/src/newlib/_startup.o
 .debug_info    0x0001213b     0x2018 ./system/src/newlib/_syscalls.o
 .debug_info    0x00014153      0xb31 ./system/src/diag/Trace.o
 .debug_info    0x00014c84      0x3de ./system/src/diag/trace_impl.o
 .debug_info    0x00015062      0x4e4 ./system/src/cortexm/_initialize_hardware.o
 .debug_info    0x00015546     0x1431 ./system/src/cortexm/exception_handlers.o
 .debug_info    0x00016977       0x84 ./system/src/cmsis/startup_stm32f746xx.o
 .debug_info    0x000169fb      0x6f0 ./system/src/cmsis/system_stm32f7xx.o
 .debug_info    0x000170eb     0x2fe5 ./src/main.o
 .debug_info    0x0001a0d0     0x1b9d ./src/stm32f7xx_hal_msp.o
 .debug_info    0x0001bc6d     0x102e ./src/stm32f7xx_it.o

.debug_abbrev   0x00000000     0x3d61
 *(.debug_abbrev)
 .debug_abbrev  0x00000000      0x2c7 ./system/src/stm32f7xx/stm32f7xx_hal.o
 .debug_abbrev  0x000002c7      0x2cb ./system/src/stm32f7xx/stm32f7xx_hal_adc.o
 .debug_abbrev  0x00000592      0x307 ./system/src/stm32f7xx/stm32f7xx_hal_adc_ex.o
 .debug_abbrev  0x00000899      0x3d4 ./system/src/stm32f7xx/stm32f7xx_hal_cortex.o
 .debug_abbrev  0x00000c6d      0x2d5 ./system/src/stm32f7xx/stm32f7xx_hal_dac.o
 .debug_abbrev  0x00000f42      0x29b ./system/src/stm32f7xx/stm32f7xx_hal_dac_ex.o
 .debug_abbrev  0x000011dd      0x328 ./system/src/stm32f7xx/stm32f7xx_hal_dma.o
 .debug_abbrev  0x00001505      0x2a5 ./system/src/stm32f7xx/stm32f7xx_hal_gpio.o
 .debug_abbrev  0x000017aa      0x2d9 ./system/src/stm32f7xx/stm32f7xx_hal_pwr_ex.o
 .debug_abbrev  0x00001a83      0x2d0 ./system/src/stm32f7xx/stm32f7xx_hal_rcc.o
 .debug_abbrev  0x00001d53      0x2dc ./system/src/stm32f7xx/stm32f7xx_hal_tim.o
 .debug_abbrev  0x0000202f      0x2dc ./system/src/stm32f7xx/stm32f7xx_hal_tim_ex.o
 .debug_abbrev  0x0000230b      0x1fc ./system/src/newlib/_sbrk.o
 .debug_abbrev  0x00002507      0x1b3 ./system/src/newlib/_startup.o
 .debug_abbrev  0x000026ba      0x428 ./system/src/newlib/_syscalls.o
 .debug_abbrev  0x00002ae2      0x276 ./system/src/diag/Trace.o
 .debug_abbrev  0x00002d58      0x1e2 ./system/src/diag/trace_impl.o
 .debug_abbrev  0x00002f3a       0xf9 ./system/src/cortexm/_initialize_hardware.o
 .debug_abbrev  0x00003033      0x363 ./system/src/cortexm/exception_handlers.o
 .debug_abbrev  0x00003396       0x12 ./system/src/cmsis/startup_stm32f746xx.o
 .debug_abbrev  0x000033a8      0x12d ./system/src/cmsis/system_stm32f7xx.o
 .debug_abbrev  0x000034d5      0x3b1 ./src/main.o
 .debug_abbrev  0x00003886      0x2bc ./src/stm32f7xx_hal_msp.o
 .debug_abbrev  0x00003b42      0x21f ./src/stm32f7xx_it.o

.debug_line     0x00000000     0xb8e8
 *(.debug_line)
 .debug_line    0x00000000      0x84f ./system/src/stm32f7xx/stm32f7xx_hal.o
 .debug_line    0x0000084f      0xac1 ./system/src/stm32f7xx/stm32f7xx_hal_adc.o
 .debug_line    0x00001310      0x993 ./system/src/stm32f7xx/stm32f7xx_hal_adc_ex.o
 .debug_line    0x00001ca3      0x892 ./system/src/stm32f7xx/stm32f7xx_hal_cortex.o
 .debug_line    0x00002535      0x8f3 ./system/src/stm32f7xx/stm32f7xx_hal_dac.o
 .debug_line    0x00002e28      0x7a7 ./system/src/stm32f7xx/stm32f7xx_hal_dac_ex.o
 .debug_line    0x000035cf      0x99b ./system/src/stm32f7xx/stm32f7xx_hal_dma.o
 .debug_line    0x00003f6a      0x80a ./system/src/stm32f7xx/stm32f7xx_hal_gpio.o
 .debug_line    0x00004774      0x7c3 ./system/src/stm32f7xx/stm32f7xx_hal_pwr_ex.o
 .debug_line    0x00004f37      0x8ee ./system/src/stm32f7xx/stm32f7xx_hal_rcc.o
 .debug_line    0x00005825     0x1615 ./system/src/stm32f7xx/stm32f7xx_hal_tim.o
 .debug_line    0x00006e3a      0xd53 ./system/src/stm32f7xx/stm32f7xx_hal_tim_ex.o
 .debug_line    0x00007b8d      0x31c ./system/src/newlib/_sbrk.o
 .debug_line    0x00007ea9      0x3df ./system/src/newlib/_startup.o
 .debug_line    0x00008288      0x8d0 ./system/src/newlib/_syscalls.o
 .debug_line    0x00008b58      0x3d6 ./system/src/diag/Trace.o
 .debug_line    0x00008f2e      0x49c ./system/src/diag/trace_impl.o
 .debug_line    0x000093ca      0x316 ./system/src/cortexm/_initialize_hardware.o
 .debug_line    0x000096e0      0x599 ./system/src/cortexm/exception_handlers.o
 .debug_line    0x00009c79       0x88 ./system/src/cmsis/startup_stm32f746xx.o
 .debug_line    0x00009d01      0x31c ./system/src/cmsis/system_stm32f7xx.o
 .debug_line    0x0000a01d      0xa8e ./src/main.o
 .debug_line    0x0000aaab      0x75a ./src/stm32f7xx_hal_msp.o
 .debug_line    0x0000b205      0x6e3 ./src/stm32f7xx_it.o

.debug_frame    0x00000000     0x3754
 *(.debug_frame)
 .debug_frame   0x00000000      0x1d8 ./system/src/stm32f7xx/stm32f7xx_hal.o
 .debug_frame   0x000001d8      0x27c ./system/src/stm32f7xx/stm32f7xx_hal_adc.o
 .debug_frame   0x00000454      0x18c ./system/src/stm32f7xx/stm32f7xx_hal_adc_ex.o
 .debug_frame   0x000005e0      0x15c ./system/src/stm32f7xx/stm32f7xx_hal_cortex.o
 .debug_frame   0x0000073c      0x1f0 ./system/src/stm32f7xx/stm32f7xx_hal_dac.o
 .debug_frame   0x0000092c       0xf8 ./system/src/stm32f7xx/stm32f7xx_hal_dac_ex.o
 .debug_frame   0x00000a24      0x17c ./system/src/stm32f7xx/stm32f7xx_hal_dma.o
 .debug_frame   0x00000ba0       0xd0 ./system/src/stm32f7xx/stm32f7xx_hal_gpio.o
 .debug_frame   0x00000c70      0x134 ./system/src/stm32f7xx/stm32f7xx_hal_pwr_ex.o
 .debug_frame   0x00000da4      0x164 ./system/src/stm32f7xx/stm32f7xx_hal_rcc.o
 .debug_frame   0x00000f08      0x9f8 ./system/src/stm32f7xx/stm32f7xx_hal_tim.o
 .debug_frame   0x00001900      0x450 ./system/src/stm32f7xx/stm32f7xx_hal_tim_ex.o
 .debug_frame   0x00001d50       0x28 ./system/src/newlib/_sbrk.o
 .debug_frame   0x00001d78       0x7c ./system/src/newlib/_startup.o
 .debug_frame   0x00001df4      0x3dc ./system/src/newlib/_syscalls.o
 .debug_frame   0x000021d0       0x94 ./system/src/diag/Trace.o
 .debug_frame   0x00002264       0x64 ./system/src/diag/trace_impl.o
 .debug_frame   0x000022c8       0x40 ./system/src/cortexm/_initialize_hardware.o
 .debug_frame   0x00002308      0x164 ./system/src/cortexm/exception_handlers.o
 .debug_frame   0x0000246c       0x30 ./system/src/cmsis/system_stm32f7xx.o
 .debug_frame   0x0000249c      0x394 ./src/main.o
 .debug_frame   0x00002830       0xcc ./src/stm32f7xx_hal_msp.o
 .debug_frame   0x000028fc       0x98 ./src/stm32f7xx_it.o
 .debug_frame   0x00002994       0x20 c:/program files (x86)/gnu tools arm embedded/6 2017-q2-update/bin/../lib/gcc/arm-none-eabi/6.3.1/../../../../arm-none-eabi/lib/thumb/v7e-m\libg_nano.a(lib_a-errno.o)
 .debug_frame   0x000029b4       0x3c c:/program files (x86)/gnu tools arm embedded/6 2017-q2-update/bin/../lib/gcc/arm-none-eabi/6.3.1/../../../../arm-none-eabi/lib/thumb/v7e-m\libg_nano.a(lib_a-fclose.o)
 .debug_frame   0x000029f0       0x68 c:/program files (x86)/gnu tools arm embedded/6 2017-q2-update/bin/../lib/gcc/arm-none-eabi/6.3.1/../../../../arm-none-eabi/lib/thumb/v7e-m\libg_nano.a(lib_a-fflush.o)
 .debug_frame   0x00002a58      0x11c c:/program files (x86)/gnu tools arm embedded/6 2017-q2-update/bin/../lib/gcc/arm-none-eabi/6.3.1/../../../../arm-none-eabi/lib/thumb/v7e-m\libg_nano.a(lib_a-findfp.o)
 .debug_frame   0x00002b74       0x44 c:/program files (x86)/gnu tools arm embedded/6 2017-q2-update/bin/../lib/gcc/arm-none-eabi/6.3.1/../../../../arm-none-eabi/lib/thumb/v7e-m\libg_nano.a(lib_a-fopen.o)
 .debug_frame   0x00002bb8       0x64 c:/program files (x86)/gnu tools arm embedded/6 2017-q2-update/bin/../lib/gcc/arm-none-eabi/6.3.1/../../../../arm-none-eabi/lib/thumb/v7e-m\libg_nano.a(lib_a-fprintf.o)
 .debug_frame   0x00002c1c       0x64 c:/program files (x86)/gnu tools arm embedded/6 2017-q2-update/bin/../lib/gcc/arm-none-eabi/6.3.1/../../../../arm-none-eabi/lib/thumb/v7e-m\libg_nano.a(lib_a-fscanf.o)
 .debug_frame   0x00002c80       0x30 c:/program files (x86)/gnu tools arm embedded/6 2017-q2-update/bin/../lib/gcc/arm-none-eabi/6.3.1/../../../../arm-none-eabi/lib/thumb/v7e-m\libg_nano.a(lib_a-fseek.o)
 .debug_frame   0x00002cb0       0x44 c:/program files (x86)/gnu tools arm embedded/6 2017-q2-update/bin/../lib/gcc/arm-none-eabi/6.3.1/../../../../arm-none-eabi/lib/thumb/v7e-m\libg_nano.a(lib_a-fseeko.o)
 .debug_frame   0x00002cf4       0x54 c:/program files (x86)/gnu tools arm embedded/6 2017-q2-update/bin/../lib/gcc/arm-none-eabi/6.3.1/../../../../arm-none-eabi/lib/thumb/v7e-m\libg_nano.a(lib_a-fwalk.o)
 .debug_frame   0x00002d48       0x68 c:/program files (x86)/gnu tools arm embedded/6 2017-q2-update/bin/../lib/gcc/arm-none-eabi/6.3.1/../../../../arm-none-eabi/lib/thumb/v7e-m\libg_nano.a(lib_a-locale.o)
 .debug_frame   0x00002db0       0x58 c:/program files (x86)/gnu tools arm embedded/6 2017-q2-update/bin/../lib/gcc/arm-none-eabi/6.3.1/../../../../arm-none-eabi/lib/thumb/v7e-m\libg_nano.a(lib_a-makebuf.o)
 .debug_frame   0x00002e08       0x48 c:/program files (x86)/gnu tools arm embedded/6 2017-q2-update/bin/../lib/gcc/arm-none-eabi/6.3.1/../../../../arm-none-eabi/lib/thumb/v7e-m\libg_nano.a(lib_a-mbtowc_r.o)
 .debug_frame   0x00002e50       0x28 c:/program files (x86)/gnu tools arm embedded/6 2017-q2-update/bin/../lib/gcc/arm-none-eabi/6.3.1/../../../../arm-none-eabi/lib/thumb/v7e-m\libg_nano.a(lib_a-memcpy-stub.o)
 .debug_frame   0x00002e78       0x20 c:/program files (x86)/gnu tools arm embedded/6 2017-q2-update/bin/../lib/gcc/arm-none-eabi/6.3.1/../../../../arm-none-eabi/lib/thumb/v7e-m\libg_nano.a(lib_a-memset.o)
 .debug_frame   0x00002e98       0x38 c:/program files (x86)/gnu tools arm embedded/6 2017-q2-update/bin/../lib/gcc/arm-none-eabi/6.3.1/../../../../arm-none-eabi/lib/thumb/v7e-m\libg_nano.a(lib_a-nano-freer.o)
 .debug_frame   0x00002ed0       0x2c c:/program files (x86)/gnu tools arm embedded/6 2017-q2-update/bin/../lib/gcc/arm-none-eabi/6.3.1/../../../../arm-none-eabi/lib/thumb/v7e-m\libg_nano.a(lib_a-nano-mallocr.o)
 .debug_frame   0x00002efc       0xac c:/program files (x86)/gnu tools arm embedded/6 2017-q2-update/bin/../lib/gcc/arm-none-eabi/6.3.1/../../../../arm-none-eabi/lib/thumb/v7e-m\libg_nano.a(lib_a-nano-vfprintf.o)
 .debug_frame   0x00002fa8       0x60 c:/program files (x86)/gnu tools arm embedded/6 2017-q2-update/bin/../lib/gcc/arm-none-eabi/6.3.1/../../../../arm-none-eabi/lib/thumb/v7e-m\libg_nano.a(lib_a-nano-vfprintf_i.o)
 .debug_frame   0x00003008       0xac c:/program files (x86)/gnu tools arm embedded/6 2017-q2-update/bin/../lib/gcc/arm-none-eabi/6.3.1/../../../../arm-none-eabi/lib/thumb/v7e-m\libg_nano.a(lib_a-nano-vfscanf.o)
 .debug_frame   0x000030b4       0x60 c:/program files (x86)/gnu tools arm embedded/6 2017-q2-update/bin/../lib/gcc/arm-none-eabi/6.3.1/../../../../arm-none-eabi/lib/thumb/v7e-m\libg_nano.a(lib_a-nano-vfscanf_i.o)
 .debug_frame   0x00003114       0x2c c:/program files (x86)/gnu tools arm embedded/6 2017-q2-update/bin/../lib/gcc/arm-none-eabi/6.3.1/../../../../arm-none-eabi/lib/thumb/v7e-m\libg_nano.a(lib_a-openr.o)
 .debug_frame   0x00003140       0x40 c:/program files (x86)/gnu tools arm embedded/6 2017-q2-update/bin/../lib/gcc/arm-none-eabi/6.3.1/../../../../arm-none-eabi/lib/thumb/v7e-m\libg_nano.a(lib_a-refill.o)
 .debug_frame   0x00003180       0x2c c:/program files (x86)/gnu tools arm embedded/6 2017-q2-update/bin/../lib/gcc/arm-none-eabi/6.3.1/../../../../arm-none-eabi/lib/thumb/v7e-m\libg_nano.a(lib_a-sbrkr.o)